[    0.000000] Linux version 4.15.0-88-generic (buildd@lgw01-amd64-036) (gcc version 5.4.0 20160609 (Ubuntu 5.4.0-6ubuntu1~16.04.12)) #88~16.04.1-Ubuntu SMP Wed Feb 12 04:19:15 UTC 2020 (Ubuntu 4.15.0-88.88~16.04.1-generic 4.15.18)
[    0.000000] Command line: BOOT_IMAGE=/boot/vmlinuz-4.15.0-88-generic root=UUID=73737a9f-d2ef-401b-ae0e-2d6e02674d39 ro quiet splash vt.handoff=7
[    0.000000] KERNEL supported cpus:
[    0.000000]   Intel GenuineIntel
[    0.000000]   AMD AuthenticAMD
[    0.000000]   Centaur CentaurHauls
[    0.000000] Disabled fast string operations
[    0.000000] x86/fpu: Supporting XSAVE feature 0x001: 'x87 floating point registers'
[    0.000000] x86/fpu: Supporting XSAVE feature 0x002: 'SSE registers'
[    0.000000] x86/fpu: Supporting XSAVE feature 0x004: 'AVX registers'
[    0.000000] x86/fpu: Supporting XSAVE feature 0x008: 'MPX bounds registers'
[    0.000000] x86/fpu: Supporting XSAVE feature 0x010: 'MPX CSR'
[    0.000000] x86/fpu: xstate_offset[2]:  576, xstate_sizes[2]:  256
[    0.000000] x86/fpu: xstate_offset[3]:  832, xstate_sizes[3]:   64
[    0.000000] x86/fpu: xstate_offset[4]:  896, xstate_sizes[4]:   64
[    0.000000] x86/fpu: Enabled xstate features 0x1f, context size is 960 bytes, using 'compacted' format.
[    0.000000] e820: BIOS-provided physical RAM map:
[    0.000000] BIOS-e820: [mem 0x0000000000000000-0x000000000009fbff] usable
[    0.000000] BIOS-e820: [mem 0x000000000009fc00-0x000000000009ffff] reserved
[    0.000000] BIOS-e820: [mem 0x00000000000dc000-0x00000000000fffff] reserved
[    0.000000] BIOS-e820: [mem 0x0000000000100000-0x00000000affebfff] usable
[    0.000000] BIOS-e820: [mem 0x00000000affec000-0x00000000affedfff] reserved
[    0.000000] BIOS-e820: [mem 0x00000000affee000-0x00000000afffafff] ACPI data
[    0.000000] BIOS-e820: [mem 0x00000000afffb000-0x00000000afffffff] ACPI NVS
[    0.000000] BIOS-e820: [mem 0x00000000fec00000-0x00000000fec00fff] reserved
[    0.000000] BIOS-e820: [mem 0x00000000fed00000-0x00000000fed00fff] reserved
[    0.000000] BIOS-e820: [mem 0x00000000fed04000-0x00000000fed04fff] reserved
[    0.000000] BIOS-e820: [mem 0x00000000fee00000-0x00000000fee00fff] reserved
[    0.000000] BIOS-e820: [mem 0x00000000ffc00000-0x00000000ffffffff] reserved
[    0.000000] BIOS-e820: [mem 0x0000000100000000-0x000000010fffffff] usable
[    0.000000] NX (Execute Disable) protection: active
[    0.000000] SMBIOS 2.7 present.
[    0.000000] DMI: Parallels Software International Inc. Parallels Virtual Platform/Parallels Virtual Platform, BIOS 14.1.3 (45485) 03/12/2019
[    0.000000] Hypervisor detected: KVM
[    0.000000] e820: update [mem 0x00000000-0x00000fff] usable ==> reserved
[    0.000000] e820: remove [mem 0x000a0000-0x000fffff] usable
[    0.000000] e820: last_pfn = 0x110000 max_arch_pfn = 0x400000000
[    0.000000] MTRR default type: write-back
[    0.000000] MTRR fixed ranges enabled:
[    0.000000]   00000-9FFFF write-back
[    0.000000]   A0000-BFFFF uncachable
[    0.000000]   C0000-C7FFF write-protect
[    0.000000]   C8000-EFFFF uncachable
[    0.000000]   F0000-FFFFF write-protect
[    0.000000] MTRR variable ranges enabled:
[    0.000000]   0 base 0B0000000 mask FF0000000 uncachable
[    0.000000]   1 base 0F0000000 mask FF0000000 uncachable
[    0.000000]   2 base 000000000 mask F00000000 write-back
[    0.000000]   3 base 100000000 mask FF0000000 write-back
[    0.000000]   4 disabled
[    0.000000]   5 disabled
[    0.000000]   6 disabled
[    0.000000]   7 disabled
[    0.000000] x86/PAT: Configuration [0-7]: WB  WC  UC- UC  WB  WP  UC- WT  
[    0.000000] e820: last_pfn = 0xaffec max_arch_pfn = 0x400000000
[    0.000000] found SMP MP-table at [mem 0x0009fc30-0x0009fc3f]
[    0.000000] Scanning 1 areas for low memory corruption
[    0.000000] BRK [0x4cb90000, 0x4cb90fff] PGTABLE
[    0.000000] BRK [0x4cb91000, 0x4cb91fff] PGTABLE
[    0.000000] BRK [0x4cb92000, 0x4cb92fff] PGTABLE
[    0.000000] BRK [0x4cb93000, 0x4cb93fff] PGTABLE
[    0.000000] BRK [0x4cb94000, 0x4cb94fff] PGTABLE
[    0.000000] BRK [0x4cb95000, 0x4cb95fff] PGTABLE
[    0.000000] BRK [0x4cb96000, 0x4cb96fff] PGTABLE
[    0.000000] RAMDISK: [mem 0x31542000-0x34a98fff]
[    0.000000] ACPI: Early table checksum verification disabled
[    0.000000] ACPI: RSDP 0x00000000000E0000 000024 (v02 PRLS  )
[    0.000000] ACPI: XSDT 0x00000000AFFF2980 00004C (v01 PRLS   PRLS_OEM 00000001 INTL 20051216)
[    0.000000] ACPI: FACP 0x00000000AFFEE0C0 0000F4 (v03 PRLS   PRLS_OEM 00000001 INTL 20051216)
[    0.000000] ACPI: DSDT 0x00000000AFFEE440 0044A4 (v02 PRLS   PRLSACPI 00001001 INTL 20051216)
[    0.000000] ACPI: FACS 0x00000000AFFEE1C0 000040
[    0.000000] ACPI: FACS 0x00000000AFFEE1C0 000040
[    0.000000] ACPI: APIC 0x00000000AFFEE200 000216 (v01 PRLS   PRLS_OEM 00000001 INTL 20051216)
[    0.000000] ACPI: HPET 0x00000000AFFF2900 000038 (v00 PRLS   PRLS_OEM 00000001 INTL 20051216)
[    0.000000] ACPI: MCFG 0x00000000AFFF2940 00003C (v01 PRLS   PRLS_OEM 00000001 INTL 20051216)
[    0.000000] ACPI: OEM1 0x00000000AFFF2A00 000394 (v01 PRLS   PRLS_OEM 00000001 INTL 20051216)
[    0.000000] ACPI: Local APIC address 0xfee00000
[    0.000000] No NUMA configuration found
[    0.000000] Faking a node at [mem 0x0000000000000000-0x000000010fffffff]
[    0.000000] NODE_DATA(0) allocated [mem 0x10ffd4000-0x10fffefff]
[    0.000000] kvm-clock: cpu 0, msr 1:ff53001, primary cpu clock
[    0.000000] kvm-clock: Using msrs 4b564d01 and 4b564d00
[    0.000000] kvm-clock: using sched offset of 794614998 cycles
[    0.000000] clocksource: kvm-clock: mask: 0xffffffffffffffff max_cycles: 0x1cd42e4dffb, max_idle_ns: 881590591483 ns
[    0.000000] Zone ranges:
[    0.000000]   DMA      [mem 0x0000000000001000-0x0000000000ffffff]
[    0.000000]   DMA32    [mem 0x0000000001000000-0x00000000ffffffff]
[    0.000000]   Normal   [mem 0x0000000100000000-0x000000010fffffff]
[    0.000000]   Device   empty
[    0.000000] Movable zone start for each node
[    0.000000] Early memory node ranges
[    0.000000]   node   0: [mem 0x0000000000001000-0x000000000009efff]
[    0.000000]   node   0: [mem 0x0000000000100000-0x00000000affebfff]
[    0.000000]   node   0: [mem 0x0000000100000000-0x000000010fffffff]
[    0.000000] Reserved but unavailable: 98 pages
[    0.000000] Initmem setup node 0 [mem 0x0000000000001000-0x000000010fffffff]
[    0.000000] On node 0 totalpages: 786314
[    0.000000]   DMA zone: 64 pages used for memmap
[    0.000000]   DMA zone: 21 pages reserved
[    0.000000]   DMA zone: 3998 pages, LIFO batch:0
[    0.000000]   DMA32 zone: 11200 pages used for memmap
[    0.000000]   DMA32 zone: 716780 pages, LIFO batch:31
[    0.000000]   Normal zone: 1024 pages used for memmap
[    0.000000]   Normal zone: 65536 pages, LIFO batch:15
[    0.000000] ACPI: PM-Timer IO Port: 0x4008
[    0.000000] ACPI: Local APIC address 0xfee00000
[    0.000000] ACPI: LAPIC_NMI (acpi_id[0x00] high edge lint[0x1])
[    0.000000] ACPI: LAPIC_NMI (acpi_id[0x01] high edge lint[0x1])
[    0.000000] ACPI: LAPIC_NMI (acpi_id[0x02] high edge lint[0x1])
[    0.000000] ACPI: LAPIC_NMI (acpi_id[0x03] high edge lint[0x1])
[    0.000000] ACPI: LAPIC_NMI (acpi_id[0x04] high edge lint[0x1])
[    0.000000] ACPI: LAPIC_NMI (acpi_id[0x05] high edge lint[0x1])
[    0.000000] ACPI: LAPIC_NMI (acpi_id[0x06] high edge lint[0x1])
[    0.000000] ACPI: LAPIC_NMI (acpi_id[0x07] high edge lint[0x1])
[    0.000000] ACPI: LAPIC_NMI (acpi_id[0x08] high edge lint[0x1])
[    0.000000] ACPI: LAPIC_NMI (acpi_id[0x09] high edge lint[0x1])
[    0.000000] ACPI: LAPIC_NMI (acpi_id[0x0a] high edge lint[0x1])
[    0.000000] ACPI: LAPIC_NMI (acpi_id[0x0b] high edge lint[0x1])
[    0.000000] ACPI: LAPIC_NMI (acpi_id[0x0c] high edge lint[0x1])
[    0.000000] ACPI: LAPIC_NMI (acpi_id[0x0d] high edge lint[0x1])
[    0.000000] ACPI: LAPIC_NMI (acpi_id[0x0e] high edge lint[0x1])
[    0.000000] ACPI: LAPIC_NMI (acpi_id[0x0f] high edge lint[0x1])
[    0.000000] ACPI: LAPIC_NMI (acpi_id[0x10] high edge lint[0x1])
[    0.000000] ACPI: LAPIC_NMI (acpi_id[0x11] high edge lint[0x1])
[    0.000000] ACPI: LAPIC_NMI (acpi_id[0x12] high edge lint[0x1])
[    0.000000] ACPI: LAPIC_NMI (acpi_id[0x13] high edge lint[0x1])
[    0.000000] ACPI: LAPIC_NMI (acpi_id[0x14] high edge lint[0x1])
[    0.000000] ACPI: LAPIC_NMI (acpi_id[0x15] high edge lint[0x1])
[    0.000000] ACPI: LAPIC_NMI (acpi_id[0x16] high edge lint[0x1])
[    0.000000] ACPI: LAPIC_NMI (acpi_id[0x17] high edge lint[0x1])
[    0.000000] ACPI: LAPIC_NMI (acpi_id[0x18] high edge lint[0x1])
[    0.000000] ACPI: LAPIC_NMI (acpi_id[0x19] high edge lint[0x1])
[    0.000000] ACPI: LAPIC_NMI (acpi_id[0x1a] high edge lint[0x1])
[    0.000000] ACPI: LAPIC_NMI (acpi_id[0x1b] high edge lint[0x1])
[    0.000000] ACPI: LAPIC_NMI (acpi_id[0x1c] high edge lint[0x1])
[    0.000000] ACPI: LAPIC_NMI (acpi_id[0x1d] high edge lint[0x1])
[    0.000000] ACPI: LAPIC_NMI (acpi_id[0x1e] high edge lint[0x1])
[    0.000000] ACPI: LAPIC_NMI (acpi_id[0x1f] high edge lint[0x1])
[    0.000000] IOAPIC[0]: apic_id 0, version 2, address 0xfec00000, GSI 0-23
[    0.000000] ACPI: INT_SRC_OVR (bus 0 bus_irq 0 global_irq 2 dfl dfl)
[    0.000000] ACPI: INT_SRC_OVR (bus 0 bus_irq 14 global_irq 14 dfl edge)
[    0.000000] ACPI: INT_SRC_OVR (bus 0 bus_irq 15 global_irq 15 dfl edge)
[    0.000000] ACPI: IRQ0 used by override.
[    0.000000] ACPI: IRQ9 used by override.
[    0.000000] ACPI: IRQ14 used by override.
[    0.000000] ACPI: IRQ15 used by override.
[    0.000000] Using ACPI (MADT) for SMP configuration information
[    0.000000] ACPI: HPET id: 0x8086a701 base: 0xfed00000
[    0.000000] smpboot: Allowing 32 CPUs, 30 hotplug CPUs
[    0.000000] PM: Registered nosave memory: [mem 0x00000000-0x00000fff]
[    0.000000] PM: Registered nosave memory: [mem 0x0009f000-0x0009ffff]
[    0.000000] PM: Registered nosave memory: [mem 0x000a0000-0x000dbfff]
[    0.000000] PM: Registered nosave memory: [mem 0x000dc000-0x000fffff]
[    0.000000] PM: Registered nosave memory: [mem 0xaffec000-0xaffedfff]
[    0.000000] PM: Registered nosave memory: [mem 0xaffee000-0xafffafff]
[    0.000000] PM: Registered nosave memory: [mem 0xafffb000-0xafffffff]
[    0.000000] PM: Registered nosave memory: [mem 0xb0000000-0xfebfffff]
[    0.000000] PM: Registered nosave memory: [mem 0xfec00000-0xfec00fff]
[    0.000000] PM: Registered nosave memory: [mem 0xfec01000-0xfecfffff]
[    0.000000] PM: Registered nosave memory: [mem 0xfed00000-0xfed00fff]
[    0.000000] PM: Registered nosave memory: [mem 0xfed01000-0xfed03fff]
[    0.000000] PM: Registered nosave memory: [mem 0xfed04000-0xfed04fff]
[    0.000000] PM: Registered nosave memory: [mem 0xfed05000-0xfedfffff]
[    0.000000] PM: Registered nosave memory: [mem 0xfee00000-0xfee00fff]
[    0.000000] PM: Registered nosave memory: [mem 0xfee01000-0xffbfffff]
[    0.000000] PM: Registered nosave memory: [mem 0xffc00000-0xffffffff]
[    0.000000] e820: [mem 0xb0000000-0xfebfffff] available for PCI devices
[    0.000000] Booting paravirtualized kernel on KVM
[    0.000000] clocksource: refined-jiffies: mask: 0xffffffff max_cycles: 0xffffffff, max_idle_ns: 7645519600211568 ns
[    0.000000] random: get_random_bytes called from start_kernel+0x99/0x51b with crng_init=0
[    0.000000] setup_percpu: NR_CPUS:8192 nr_cpumask_bits:32 nr_cpu_ids:32 nr_node_ids:1
[    0.000000] percpu: Embedded 45 pages/cpu s147456 r8192 d28672 u262144
[    0.000000] pcpu-alloc: s147456 r8192 d28672 u262144 alloc=1*2097152
[    0.000000] pcpu-alloc: [0] 00 01 02 03 04 05 06 07 [0] 08 09 10 11 12 13 14 15 
[    0.000000] pcpu-alloc: [0] 16 17 18 19 20 21 22 23 [0] 24 25 26 27 28 29 30 31 
[    0.000000] Built 1 zonelists, mobility grouping on.  Total pages: 774005
[    0.000000] Policy zone: Normal
[    0.000000] Kernel command line: BOOT_IMAGE=/boot/vmlinuz-4.15.0-88-generic root=UUID=73737a9f-d2ef-401b-ae0e-2d6e02674d39 ro quiet splash vt.handoff=7
[    0.000000] Calgary: detecting Calgary via BIOS EBDA area
[    0.000000] Calgary: Unable to locate Rio Grande table in EBDA - bailing!
[    0.000000] Memory: 2940660K/3145256K available (12300K kernel code, 2480K rwdata, 4212K rodata, 2428K init, 2712K bss, 204596K reserved, 0K cma-reserved)
[    0.000000] SLUB: HWalign=64, Order=0-3, MinObjects=0, CPUs=32, Nodes=1
[    0.000000] Kernel/User page tables isolation: enabled
[    0.000000] ftrace: allocating 39325 entries in 154 pages
[    0.004000] Hierarchical RCU implementation.
[    0.004000] 	RCU restricting CPUs from NR_CPUS=8192 to nr_cpu_ids=32.
[    0.004000] 	Tasks RCU enabled.
[    0.004000] RCU: Adjusting geometry for rcu_fanout_leaf=16, nr_cpu_ids=32
[    0.004000] NR_IRQS: 524544, nr_irqs: 680, preallocated irqs: 16
[    0.004000] vt handoff: transparent VT on vt#7
[    0.004000] Console: colour dummy device 80x25
[    0.004000] console [tty0] enabled
[    0.004000] ACPI: Core revision 20170831
[    0.004000] ACPI: 1 ACPI AML tables successfully acquired and loaded
[    0.004000] clocksource: hpet: mask: 0xffffffff max_cycles: 0xffffffff, max_idle_ns: 119453777892 ns
[    0.004000] hpet clockevent registered
[    0.004000] APIC: Switch to symmetric I/O mode setup
[    0.004000] x2apic enabled
[    0.004000] Switched APIC routing to physical x2apic.
[    0.004000] ..TIMER: vector=0x30 apic1=0 pin1=2 apic2=-1 pin2=-1
[    0.004046] tsc: Detected 2904.000 MHz processor
[    0.004063] Calibrating delay loop (skipped) preset value.. 5808.00 BogoMIPS (lpj=11616000)
[    0.004063] pid_max: default: 32768 minimum: 301
[    0.004077] Security Framework initialized
[    0.004079] Yama: becoming mindful.
[    0.004162] AppArmor: AppArmor initialized
[    0.005959] Dentry cache hash table entries: 524288 (order: 10, 4194304 bytes)
[    0.006854] Inode-cache hash table entries: 262144 (order: 9, 2097152 bytes)
[    0.006886] Mount-cache hash table entries: 8192 (order: 4, 65536 bytes)
[    0.008023] Mountpoint-cache hash table entries: 8192 (order: 4, 65536 bytes)
[    0.008532] Disabled fast string operations
[    0.008563] Last level iTLB entries: 4KB 64, 2MB 8, 4MB 8
[    0.008564] Last level dTLB entries: 4KB 64, 2MB 0, 4MB 0, 1GB 4
[    0.008566] Spectre V1 : Mitigation: usercopy/swapgs barriers and __user pointer sanitization
[    0.008568] Spectre V2 : Mitigation: Full generic retpoline
[    0.008569] Spectre V2 : Spectre v2 / SpectreRSB mitigation: Filling RSB on context switch
[    0.008570] Speculative Store Bypass: Vulnerable
[    0.008611] MDS: Vulnerable: Clear CPU buffers attempted, no microcode
[    0.008835] Freeing SMP alternatives memory: 36K
[    0.010435] TSC deadline timer enabled
[    0.010443] smpboot: CPU0: Intel(R) Core(TM) i5-6267U CPU @ 2.90GHz (family: 0x6, model: 0x4e, stepping: 0x3)
[    0.010547] Performance Events: unsupported p6 CPU model 78 no PMU driver, software events only.
[    0.010597] Hierarchical SRCU implementation.
[    0.011291] NMI watchdog: Perf event create on CPU 0 failed with -2
[    0.011292] NMI watchdog: Perf NMI watchdog permanently disabled
[    0.011765] smp: Bringing up secondary CPUs ...
[    0.011919] x86: Booting SMP configuration:
[    0.011920] .... node  #0, CPUs:        #1
[    0.004000] kvm-clock: cpu 1, msr 1:ff53041, secondary cpu clock
[    0.004000] Disabled fast string operations
[    0.012000] smp: Brought up 1 node, 2 CPUs
[    0.012000] smpboot: Max logical packages: 16
[    0.012000] smpboot: Total of 2 processors activated (11616.00 BogoMIPS)
[    0.016201] devtmpfs: initialized
[    0.016201] x86/mm: Memory block size: 128MB
[    0.016478] evm: security.selinux
[    0.016480] evm: security.SMACK64
[    0.016481] evm: security.SMACK64EXEC
[    0.016482] evm: security.SMACK64TRANSMUTE
[    0.016483] evm: security.SMACK64MMAP
[    0.016484] evm: security.apparmor
[    0.016485] evm: security.ima
[    0.016486] evm: security.capability
[    0.016593] PM: Registering ACPI NVS region [mem 0xafffb000-0xafffffff] (20480 bytes)
[    0.016593] clocksource: jiffies: mask: 0xffffffff max_cycles: 0xffffffff, max_idle_ns: 7645041785100000 ns
[    0.016593] futex hash table entries: 8192 (order: 7, 524288 bytes)
[    0.016593] pinctrl core: initialized pinctrl subsystem
[    0.016615] RTC time: 15:36:13, date: 03/13/20
[    0.016869] NET: Registered protocol family 16
[    0.016957] audit: initializing netlink subsys (disabled)
[    0.016971] audit: type=2000 audit(1584113773.016:1): state=initialized audit_enabled=0 res=1
[    0.016971] cpuidle: using governor ladder
[    0.016971] cpuidle: using governor menu
[    0.016971] ACPI: bus type PCI registered
[    0.016971] acpiphp: ACPI Hot Plug PCI Controller Driver version: 0.5
[    0.016971] PCI: MMCONFIG for domain 0000 [bus 00-0f] at [mem 0xfc000000-0xfcffffff] (base 0xfc000000)
[    0.016971] PCI: not using MMCONFIG
[    0.016971] PCI: Using configuration type 1 for base access
[    0.020109] HugeTLB registered 2.00 MiB page size, pre-allocated 0 pages
[    0.020120] ACPI: Added _OSI(Module Device)
[    0.020121] ACPI: Added _OSI(Processor Device)
[    0.020123] ACPI: Added _OSI(3.0 _SCP Extensions)
[    0.020124] ACPI: Added _OSI(Processor Aggregator Device)
[    0.020126] ACPI: Added _OSI(Linux-Dell-Video)
[    0.020127] ACPI: Added _OSI(Linux-Lenovo-NV-HDMI-Audio)
[    0.020128] ACPI: Added _OSI(Linux-HPI-Hybrid-Graphics)
[    0.020351] ACPI: Executed 1 blocks of module-level executable AML code
[    0.024029] ACPI: EC: EC started
[    0.024030] ACPI: EC: interrupt blocked
[    0.024060] ACPI: \_SB_.PCI0.PX40.EC__: Used as first EC
[    0.024062] ACPI: \_SB_.PCI0.PX40.EC__: GPE=0xa, EC_CMD/EC_SC=0x66, EC_DATA=0x62
[    0.024063] ACPI: \_SB_.PCI0.PX40.EC__: Used as boot DSDT EC to handle transactions
[    0.024064] ACPI: Interpreter enabled
[    0.024085] ACPI: (supports S0 S3 S4 S5)
[    0.024086] ACPI: Using IOAPIC for interrupt routing
[    0.024103] PCI: MMCONFIG for domain 0000 [bus 00-0f] at [mem 0xfc000000-0xfcffffff] (base 0xfc000000)
[    0.024315] PCI: MMCONFIG at [mem 0xfc000000-0xfcffffff] reserved in ACPI motherboard resources
[    0.024322] pmd_set_huge: Cannot satisfy [mem 0xfc000000-0xfc200000] with a huge-page mapping due to MTRR override.
[    0.024349] PCI: Using host bridge windows from ACPI; if necessary, use "pci=nocrs" and report a bug
[    0.024556] ACPI: Enabled 3 GPEs in block 00 to 0F
[    0.034963] ACPI: PCI Root Bridge [PCI0] (domain 0000 [bus 00-7f])
[    0.034972] acpi PNP0A08:00: _OSC: OS supports [ExtendedConfig ASPM ClockPM Segments MSI]
[    0.034977] acpi PNP0A08:00: _OSC failed (AE_NOT_FOUND); disabling ASPM
[    0.034985] acpi PNP0A08:00: [Firmware Info]: MMCONFIG for domain 0000 [bus 00-0f] only partially covers this bridge
[    0.035001] acpi PNP0A08:00: ignoring host bridge window [mem 0x000d0000-0x000dffff window] (conflicts with Reserved [mem 0x000dc000-0x000fffff])
[    0.035132] PCI host bridge to bus 0000:00
[    0.035133] pci_bus 0000:00: root bus resource [io  0x0000-0x0cf7 window]
[    0.035135] pci_bus 0000:00: root bus resource [io  0x0d00-0xffff window]
[    0.035136] pci_bus 0000:00: root bus resource [mem 0x000a0000-0x000bffff window]
[    0.035137] pci_bus 0000:00: root bus resource [mem 0x000c0000-0x000cffff window]
[    0.035139] pci_bus 0000:00: root bus resource [mem 0xb0000000-0xfebfffff window]
[    0.035140] pci_bus 0000:00: root bus resource [bus 00-7f]
[    0.035154] pci 0000:00:00.0: [8086:29a0] type 00 class 0x060000
[    0.035302] pci 0000:00:01.0: [8086:2981] type 01 class 0x060401
[    0.035394] pci 0000:00:01.0: PME# supported from D0 D3hot D3cold
[    0.035464] pci 0000:00:03.0: [1ab8:4000] type 00 class 0xff0000
[    0.035485] pci 0000:00:03.0: reg 0x10: [io  0x8000-0x801f]
[    0.035609] pci 0000:00:05.0: [1af4:1000] type 00 class 0x020000
[    0.035627] pci 0000:00:05.0: reg 0x10: [io  0x8200-0x823f]
[    0.035634] pci 0000:00:05.0: reg 0x14: [mem 0xee000000-0xee000fff]
[    0.035752] pci 0000:00:0a.0: [1011:0022] type 01 class 0x060400
[    0.036086] pci 0000:00:0e.0: [1af4:1002] type 00 class 0x050000
[    0.036116] pci 0000:00:0e.0: reg 0x10: [io  0xb000-0xb01f]
[    0.036299] pci 0000:00:1d.0: [8086:2658] type 00 class 0x0c0300
[    0.036349] pci 0000:00:1d.0: reg 0x20: [io  0xb200-0xb21f]
[    0.036425] pci 0000:00:1d.6: [1033:0194] type 00 class 0x0c0330
[    0.036840] pci 0000:00:1d.6: reg 0x10: [mem 0xef100000-0xef100fff]
[    0.040930] pci 0000:00:1d.7: [8086:265c] type 00 class 0x0c0320
[    0.041092] pci 0000:00:1d.7: reg 0x10: [mem 0xef140000-0xef1403ff]
[    0.042272] pci 0000:00:1e.0: [8086:244e] type 01 class 0x060400
[    0.042506] pci 0000:00:1f.0: [8086:2810] type 00 class 0x060100
[    0.042642] pci 0000:00:1f.0: quirk: [io  0x4000-0x407f] claimed by ICH6 ACPI/GPIO/TCO
[    0.042786] pci 0000:00:1f.1: [8086:244b] type 00 class 0x010180
[    0.042892] pci 0000:00:1f.1: reg 0x20: [io  0xe000-0xe00f]
[    0.042932] pci 0000:00:1f.1: legacy IDE quirk: reg 0x10: [io  0x01f0-0x01f7]
[    0.042934] pci 0000:00:1f.1: legacy IDE quirk: reg 0x14: [io  0x03f6]
[    0.042936] pci 0000:00:1f.1: legacy IDE quirk: reg 0x18: [io  0x0170-0x0177]
[    0.042938] pci 0000:00:1f.1: legacy IDE quirk: reg 0x1c: [io  0x0376]
[    0.043114] pci 0000:00:1f.2: [8086:2821] type 00 class 0x010601
[    0.043432] pci 0000:00:1f.2: reg 0x10: [io  0xe200-0xe207]
[    0.043632] pci 0000:00:1f.2: reg 0x14: [io  0xe400-0xe403]
[    0.043784] pci 0000:00:1f.2: reg 0x18: [io  0xe600-0xe607]
[    0.043920] pci 0000:00:1f.2: reg 0x1c: [io  0xe800-0xe803]
[    0.044106] pci 0000:00:1f.2: reg 0x20: [io  0xea00-0xea0f]
[    0.044178] pci 0000:00:1f.2: reg 0x24: [mem 0xf0200000-0xf0201fff]
[    0.044344] pci 0000:00:1f.2: PME# supported from D3hot
[    0.044476] pci 0000:00:1f.3: [8086:283e] type 00 class 0x0c0500
[    0.044556] pci 0000:00:1f.3: reg 0x10: [mem 0xf0240000-0xf0240fff]
[    0.044792] pci 0000:00:1f.3: reg 0x20: [io  0xec00-0xec1f]
[    0.045014] pci 0000:00:1f.4: [8086:2445] type 00 class 0x040100
[    0.045074] pci 0000:00:1f.4: reg 0x10: [io  0xee00-0xeeff]
[    0.045114] pci 0000:00:1f.4: reg 0x14: [io  0xf000-0xf0ff]
[    0.045500] pci 0000:01:00.0: [1ab8:4005] type 00 class 0x030000
[    0.048860] pci 0000:01:00.0: reg 0x10: [io  0x6000-0x601f]
[    0.052848] pci 0000:01:00.0: reg 0x14: [mem 0xb0000000-0xbfffffff pref]
[    0.072972] pci 0000:01:00.0: reg 0x30: [mem 0xe2000000-0xe200ffff pref]
[    0.073172] pci 0000:00:01.0: PCI bridge to [bus 01] (subtractive decode)
[    0.073178] pci 0000:00:01.0:   bridge window [io  0x6000-0x7fff]
[    0.073186] pci 0000:00:01.0:   bridge window [mem 0xe2000000-0xedffffff]
[    0.073196] pci 0000:00:01.0:   bridge window [mem 0xb0000000-0xdfffffff 64bit pref]
[    0.073200] pci 0000:00:01.0:   bridge window [io  0x0000-0x0cf7 window] (subtractive decode)
[    0.073204] pci 0000:00:01.0:   bridge window [io  0x0d00-0xffff window] (subtractive decode)
[    0.073206] pci 0000:00:01.0:   bridge window [mem 0x000a0000-0x000bffff window] (subtractive decode)
[    0.073208] pci 0000:00:01.0:   bridge window [mem 0x000c0000-0x000cffff window] (subtractive decode)
[    0.073212] pci 0000:00:01.0:   bridge window [mem 0xb0000000-0xfebfffff window] (subtractive decode)
[    0.073326] pci 0000:00:0a.0: PCI bridge to [bus 02]
[    0.073332] pci 0000:00:0a.0:   bridge window [io  0x9000-0xafff]
[    0.073338] pci 0000:00:0a.0:   bridge window [mem 0xee100000-0xef0fffff]
[    0.073346] pci 0000:00:0a.0:   bridge window [mem 0xe0000000-0xe0ffffff pref]
[    0.073456] pci 0000:00:1e.0: PCI bridge to [bus 03] (subtractive decode)
[    0.073462] pci 0000:00:1e.0:   bridge window [io  0xc000-0xdfff]
[    0.073468] pci 0000:00:1e.0:   bridge window [mem 0xef200000-0xf01fffff]
[    0.073478] pci 0000:00:1e.0:   bridge window [mem 0xe1000000-0xe1ffffff 64bit pref]
[    0.073482] pci 0000:00:1e.0:   bridge window [io  0x0000-0x0cf7 window] (subtractive decode)
[    0.073484] pci 0000:00:1e.0:   bridge window [io  0x0d00-0xffff window] (subtractive decode)
[    0.073486] pci 0000:00:1e.0:   bridge window [mem 0x000a0000-0x000bffff window] (subtractive decode)
[    0.073492] pci 0000:00:1e.0:   bridge window [mem 0x000c0000-0x000cffff window] (subtractive decode)
[    0.073494] pci 0000:00:1e.0:   bridge window [mem 0xb0000000-0xfebfffff window] (subtractive decode)
[    0.073590] ACPI Exception: AE_NOT_FOUND, Evaluating _CRS (20170831/pci_link-274)
[    0.073602] ACPI: PCI Interrupt Link [LNKA] (IRQs) *0, disabled.
[    0.077711] ACPI: EC: interrupt unblocked
[    0.077725] ACPI: EC: event unblocked
[    0.077765] ACPI: \_SB_.PCI0.PX40.EC__: GPE=0xa, EC_CMD/EC_SC=0x66, EC_DATA=0x62
[    0.077769] ACPI: \_SB_.PCI0.PX40.EC__: Used as boot DSDT EC to handle transactions and events
[    0.078455] SCSI subsystem initialized
[    0.078629] libata version 3.00 loaded.
[    0.078629] pci 0000:01:00.0: vgaarb: setting as boot VGA device
[    0.078629] pci 0000:01:00.0: vgaarb: VGA device added: decodes=io+mem,owns=io+mem,locks=none
[    0.078629] pci 0000:01:00.0: vgaarb: bridge control possible
[    0.078629] vgaarb: loaded
[    0.078629] ACPI: bus type USB registered
[    0.078629] usbcore: registered new interface driver usbfs
[    0.078629] usbcore: registered new interface driver hub
[    0.078629] usbcore: registered new device driver usb
[    0.078629] EDAC MC: Ver: 3.0.0
[    0.080054] PCI: Using ACPI for IRQ routing
[    0.080910] PCI: pci_cache_line_size set to 64 bytes
[    0.081002] e820: reserve RAM buffer [mem 0x0009fc00-0x0009ffff]
[    0.081004] e820: reserve RAM buffer [mem 0xaffec000-0xafffffff]
[    0.081314] NetLabel: Initializing
[    0.081316] NetLabel:  domain hash size = 128
[    0.081354] NetLabel:  protocols = UNLABELED CIPSOv4 CALIPSO
[    0.081410] NetLabel:  unlabeled traffic allowed by default
[    0.084120] hpet0: at MMIO 0xfed00000, IRQs 2, 8, 0, 0, 0, 0, 0, 0
[    0.084126] hpet0: 8 comparators, 64-bit 16.000000 MHz counter
[    0.088164] clocksource: Switched to clocksource kvm-clock
[    0.110951] VFS: Disk quotas dquot_6.6.0
[    0.110979] VFS: Dquot-cache hash table entries: 512 (order 0, 4096 bytes)
[    0.111096] AppArmor: AppArmor Filesystem Enabled
[    0.111434] pnp: PnP ACPI init
[    0.111609] pnp 00:00: Plug and Play ACPI device, IDs PNP0303 (active)
[    0.111645] pnp 00:01: Plug and Play ACPI device, IDs PNP0f03 (active)
[    0.111675] pnp 00:02: Plug and Play ACPI device, IDs PNP0b00 (active)
[    0.111742] system 00:03: [mem 0xff000000-0xffffffff] could not be reserved
[    0.111746] system 00:03: Plug and Play ACPI device, IDs PNP0c01 (active)
[    0.111791] system 00:04: [io  0x04d0-0x04d1] has been reserved
[    0.111793] system 00:04: [mem 0xfc000000-0xfcffffff] has been reserved
[    0.111796] system 00:04: Plug and Play ACPI device, IDs PNP0c02 (active)
[    0.141780] pnp: PnP ACPI: found 5 devices
[    0.156153] clocksource: acpi_pm: mask: 0xffffff max_cycles: 0xffffff, max_idle_ns: 2085701024 ns
[    0.156194] pci 0000:00:01.0: PCI bridge to [bus 01]
[    0.156198] pci 0000:00:01.0:   bridge window [io  0x6000-0x7fff]
[    0.156204] pci 0000:00:01.0:   bridge window [mem 0xe2000000-0xedffffff]
[    0.156208] pci 0000:00:01.0:   bridge window [mem 0xb0000000-0xdfffffff 64bit pref]
[    0.156215] pci 0000:00:0a.0: PCI bridge to [bus 02]
[    0.156217] pci 0000:00:0a.0:   bridge window [io  0x9000-0xafff]
[    0.156223] pci 0000:00:0a.0:   bridge window [mem 0xee100000-0xef0fffff]
[    0.156228] pci 0000:00:0a.0:   bridge window [mem 0xe0000000-0xe0ffffff pref]
[    0.156235] pci 0000:00:1e.0: PCI bridge to [bus 03]
[    0.156237] pci 0000:00:1e.0:   bridge window [io  0xc000-0xdfff]
[    0.156242] pci 0000:00:1e.0:   bridge window [mem 0xef200000-0xf01fffff]
[    0.156246] pci 0000:00:1e.0:   bridge window [mem 0xe1000000-0xe1ffffff 64bit pref]
[    0.156254] pci_bus 0000:00: resource 4 [io  0x0000-0x0cf7 window]
[    0.156256] pci_bus 0000:00: resource 5 [io  0x0d00-0xffff window]
[    0.156258] pci_bus 0000:00: resource 6 [mem 0x000a0000-0x000bffff window]
[    0.156259] pci_bus 0000:00: resource 7 [mem 0x000c0000-0x000cffff window]
[    0.156261] pci_bus 0000:00: resource 8 [mem 0xb0000000-0xfebfffff window]
[    0.156262] pci_bus 0000:01: resource 0 [io  0x6000-0x7fff]
[    0.156264] pci_bus 0000:01: resource 1 [mem 0xe2000000-0xedffffff]
[    0.156265] pci_bus 0000:01: resource 2 [mem 0xb0000000-0xdfffffff 64bit pref]
[    0.156267] pci_bus 0000:01: resource 4 [io  0x0000-0x0cf7 window]
[    0.156268] pci_bus 0000:01: resource 5 [io  0x0d00-0xffff window]
[    0.156270] pci_bus 0000:01: resource 6 [mem 0x000a0000-0x000bffff window]
[    0.156271] pci_bus 0000:01: resource 7 [mem 0x000c0000-0x000cffff window]
[    0.156273] pci_bus 0000:01: resource 8 [mem 0xb0000000-0xfebfffff window]
[    0.156274] pci_bus 0000:02: resource 0 [io  0x9000-0xafff]
[    0.156276] pci_bus 0000:02: resource 1 [mem 0xee100000-0xef0fffff]
[    0.156277] pci_bus 0000:02: resource 2 [mem 0xe0000000-0xe0ffffff pref]
[    0.156279] pci_bus 0000:03: resource 0 [io  0xc000-0xdfff]
[    0.156281] pci_bus 0000:03: resource 1 [mem 0xef200000-0xf01fffff]
[    0.156282] pci_bus 0000:03: resource 2 [mem 0xe1000000-0xe1ffffff 64bit pref]
[    0.156284] pci_bus 0000:03: resource 4 [io  0x0000-0x0cf7 window]
[    0.156285] pci_bus 0000:03: resource 5 [io  0x0d00-0xffff window]
[    0.156287] pci_bus 0000:03: resource 6 [mem 0x000a0000-0x000bffff window]
[    0.156288] pci_bus 0000:03: resource 7 [mem 0x000c0000-0x000cffff window]
[    0.156290] pci_bus 0000:03: resource 8 [mem 0xb0000000-0xfebfffff window]
[    0.156389] NET: Registered protocol family 2
[    0.156645] TCP established hash table entries: 32768 (order: 6, 262144 bytes)
[    0.156755] TCP bind hash table entries: 32768 (order: 7, 524288 bytes)
[    0.156919] TCP: Hash tables configured (established 32768 bind 32768)
[    0.157627] UDP hash table entries: 2048 (order: 4, 65536 bytes)
[    0.157726] UDP-Lite hash table entries: 2048 (order: 4, 65536 bytes)
[    0.157930] NET: Registered protocol family 1
[    0.173438] pci 0000:01:00.0: Video device with shadowed ROM at [mem 0x000c0000-0x000dffff]
[    0.173446] PCI: CLS 0 bytes, default 64
[    0.173560] Unpacking initramfs...
[    0.945075] Freeing initrd memory: 54620K
[    0.945106] PCI-DMA: Using software bounce buffering for IO (SWIOTLB)
[    0.945110] software IO TLB: mapped [mem 0xabfec000-0xaffec000] (64MB)
[    0.945161] clocksource: tsc: mask: 0xffffffffffffffff max_cycles: 0x29dc05e54fc, max_idle_ns: 440795291716 ns
[    0.945200] Scanning for low memory corruption every 60 seconds
[    0.946161] Initialise system trusted keyrings
[    0.946174] Key type blacklist registered
[    0.946319] workingset: timestamp_bits=36 max_order=20 bucket_order=0
[    0.947203] zbud: loaded
[    0.947744] squashfs: version 4.0 (2009/01/31) Phillip Lougher
[    0.948020] fuse init (API version 7.26)
[    0.952657] Key type asymmetric registered
[    0.952678] Asymmetric key parser 'x509' registered
[    0.952710] Block layer SCSI generic (bsg) driver version 0.4 loaded (major 246)
[    0.952818] io scheduler noop registered
[    0.952820] io scheduler deadline registered
[    0.952855] io scheduler cfq registered (default)
[    0.953037] vesafb: mode is 800x600x32, linelength=3200, pages=0
[    0.953038] vesafb: scrolling: redraw
[    0.953039] vesafb: Truecolor: size=8:8:8:8, shift=24:16:8:0
[    0.953050] vesafb: framebuffer at 0xb0000000, mapped to 0x        (ptrval), using 1920k, total 1920k
[    0.953170] Console: switching to colour frame buffer device 100x37
[    0.953179] fb0: VESA VGA frame buffer device
[    0.953192] intel_idle: Please enable MWAIT in BIOS SETUP
[    0.961935] ACPI: AC Adapter [ADP0] (off-line)
[    0.962060] input: Power Button as /devices/LNXSYSTM:00/LNXPWRBN:00/input/input0
[    0.962175] ACPI: Power Button [PWRF]
[    0.962227] input: Sleep Button as /devices/LNXSYSTM:00/LNXSLPBN:00/input/input1
[    0.962236] ACPI: Sleep Button [SLPF]
[    0.962732] virtio-pci 0000:00:05.0: enabling device (0000 -> 0003)
[    0.963470] virtio-pci 0000:00:05.0: virtio_pci: leaving for legacy driver
[    0.963652] virtio-pci 0000:00:0e.0: enabling device (0000 -> 0001)
[    0.963846] virtio-pci 0000:00:0e.0: virtio_pci: leaving for legacy driver
[    0.964743] Serial: 8250/16550 driver, 32 ports, IRQ sharing enabled
[    0.968610] Linux agpgart interface v0.103
[    0.972107] loop: module loaded
[    0.972215] ata_piix 0000:00:1f.1: version 2.13
[    0.972675] scsi host0: ata_piix
[    0.972837] scsi host1: ata_piix
[    0.972867] ata1: PATA max UDMA/100 cmd 0x1f0 ctl 0x3f6 bmdma 0xe000 irq 14
[    0.972869] ata2: PATA max UDMA/100 cmd 0x170 ctl 0x376 bmdma 0xe008 irq 15
[    0.973050] libphy: Fixed MDIO Bus: probed
[    0.973052] tun: Universal TUN/TAP device driver, 1.6
[    0.973088] PPP generic driver version 2.4.2
[    0.973126] ehci_hcd: USB 2.0 'Enhanced' Host Controller (EHCI) Driver
[    0.973129] ehci-pci: EHCI PCI platform driver
[    0.973307] ehci-pci 0000:00:1d.7: EHCI Host Controller
[    0.973314] ehci-pci 0000:00:1d.7: new USB bus registered, assigned bus number 1
[    0.973826] ehci-pci 0000:00:1d.7: Enabling legacy PCI PM
[    0.973836] ehci-pci 0000:00:1d.7: cache line size of 64 is not supported
[    0.973863] ehci-pci 0000:00:1d.7: irq 19, io mem 0xef140000
[    0.988087] ehci-pci 0000:00:1d.7: USB 2.0 started, EHCI 1.00
[    0.988364] usb usb1: New USB device found, idVendor=1d6b, idProduct=0002
[    0.988366] usb usb1: New USB device strings: Mfr=3, Product=2, SerialNumber=1
[    0.988368] usb usb1: Product: EHCI Host Controller
[    0.988370] usb usb1: Manufacturer: Linux 4.15.0-88-generic ehci_hcd
[    0.988372] usb usb1: SerialNumber: 0000:00:1d.7
[    0.988569] hub 1-0:1.0: USB hub found
[    0.988607] hub 1-0:1.0: 15 ports detected
[    0.989179] ehci-platform: EHCI generic platform driver
[    0.989198] ohci_hcd: USB 1.1 'Open' Host Controller (OHCI) Driver
[    0.989203] ohci-pci: OHCI PCI platform driver
[    0.989212] ohci-platform: OHCI generic platform driver
[    0.989219] uhci_hcd: USB Universal Host Controller Interface driver
[    0.989373] uhci_hcd 0000:00:1d.0: UHCI Host Controller
[    0.989378] uhci_hcd 0000:00:1d.0: new USB bus registered, assigned bus number 2
[    0.989386] uhci_hcd 0000:00:1d.0: detected 2 ports
[    0.989529] uhci_hcd 0000:00:1d.0: irq 18, io base 0x0000b200
[    0.989822] usb usb2: New USB device found, idVendor=1d6b, idProduct=0001
[    0.989824] usb usb2: New USB device strings: Mfr=3, Product=2, SerialNumber=1
[    0.989825] usb usb2: Product: UHCI Host Controller
[    0.989826] usb usb2: Manufacturer: Linux 4.15.0-88-generic uhci_hcd
[    0.989828] usb usb2: SerialNumber: 0000:00:1d.0
[    0.989984] hub 2-0:1.0: USB hub found
[    0.990015] hub 2-0:1.0: 2 ports detected
[    0.990363] xhci_hcd 0000:00:1d.6: xHCI Host Controller
[    0.990372] xhci_hcd 0000:00:1d.6: new USB bus registered, assigned bus number 3
[    0.990646] xhci_hcd 0000:00:1d.6: hcc params 0x01c15001 hci version 0x100 quirks 0x0000000000000014
[    0.990652] xhci_hcd 0000:00:1d.6: cache line size of 64 is not supported
[    0.990805] usb usb3: New USB device found, idVendor=1d6b, idProduct=0002
[    0.990807] usb usb3: New USB device strings: Mfr=3, Product=2, SerialNumber=1
[    0.990808] usb usb3: Product: xHCI Host Controller
[    0.990809] usb usb3: Manufacturer: Linux 4.15.0-88-generic xhci-hcd
[    0.990810] usb usb3: SerialNumber: 0000:00:1d.6
[    0.990936] hub 3-0:1.0: USB hub found
[    0.990958] hub 3-0:1.0: 2 ports detected
[    0.991144] xhci_hcd 0000:00:1d.6: xHCI Host Controller
[    0.991147] xhci_hcd 0000:00:1d.6: new USB bus registered, assigned bus number 4
[    0.991149] xhci_hcd 0000:00:1d.6: Host supports USB 3.0  SuperSpeed
[    0.992944] usb usb4: We don't know the algorithms for LPM for this host, disabling LPM.
[    0.992967] usb usb4: New USB device found, idVendor=1d6b, idProduct=0003
[    0.992968] usb usb4: New USB device strings: Mfr=3, Product=2, SerialNumber=1
[    0.992970] usb usb4: Product: xHCI Host Controller
[    0.992971] usb usb4: Manufacturer: Linux 4.15.0-88-generic xhci-hcd
[    0.992973] usb usb4: SerialNumber: 0000:00:1d.6
[    0.993136] hub 4-0:1.0: USB hub found
[    0.993157] hub 4-0:1.0: 12 ports detected
[    0.994427] i8042: PNP: PS/2 Controller [PNP0303:KBC,PNP0f03:PS2M] at 0x60,0x64 irq 1,12
[    0.994715] serio: i8042 KBD port at 0x60,0x64 irq 1
[    0.994720] serio: i8042 AUX port at 0x60,0x64 irq 12
[    0.994968] mousedev: PS/2 mouse device common for all mice
[    0.995573] input: AT Translated Set 2 keyboard as /devices/platform/i8042/serio0/input/input2
[    0.995863] rtc_cmos 00:02: rtc core: registered rtc_cmos as rtc0
[    0.995904] rtc_cmos 00:02: alarms up to one day, y3k, 242 bytes nvram, hpet irqs
[    0.995915] i2c /dev entries driver
[    0.995979] device-mapper: uevent: version 1.0.3
[    0.996143] device-mapper: ioctl: 4.37.0-ioctl (2017-09-20) initialised: dm-devel@redhat.com
[    0.996226] ledtrig-cpu: registered to indicate activity on CPUs
[    0.996945] NET: Registered protocol family 10
[    1.001909] Segment Routing with IPv6
[    1.001933] NET: Registered protocol family 17
[    1.002076] Key type dns_resolver registered
[    1.002265] mce: Using 0 MCE banks
[    1.002290] RAS: Correctable Errors collector initialized.
[    1.002302] sched_clock: Marking stable (1002237670, 0)->(1104786692, -102549022)
[    1.002851] registered taskstats version 1
[    1.002863] Loading compiled-in X.509 certificates
[    1.005424] Loaded X.509 cert 'Build time autogenerated kernel key: 92f3341d2aeb661e05e7c13fd5cd81ba162e59a2'
[    1.005450] zswap: loaded using pool lzo/zbud
[    1.009450] Key type big_key registered
[    1.009454] Key type trusted registered
[    1.011458] Key type encrypted registered
[    1.011461] AppArmor: AppArmor sha1 policy hashing enabled
[    1.011467] ima: No TPM chip found, activating TPM-bypass! (rc=-19)
[    1.011473] ima: Allocated hash algorithm: sha1
[    1.011489] evm: HMAC attrs: 0x1
[    1.011708]   Magic number: 12:130:639
[    1.011952] rtc_cmos 00:02: setting system clock to 2020-03-13 15:36:14 UTC (1584113774)
[    1.012068] BIOS EDD facility v0.16 2004-Jun-25, 0 devices found
[    1.012068] EDD information not available.
[    1.134105] random: fast init done
[    1.260062] ACPI: Battery Slot [BAT0] (battery present)
[    1.265186] Freeing unused kernel image memory: 2428K
[    1.276716] Write protecting the kernel read-only data: 20480k
[    1.278587] Freeing unused kernel image memory: 2008K
[    1.280154] Freeing unused kernel image memory: 1932K
[    1.288828] x86/mm: Checked W+X mappings: passed, no W+X pages found.
[    1.288831] x86/mm: Checking user space page tables
[    1.295846] x86/mm: Checked W+X mappings: passed, no W+X pages found.
[    1.309877] random: systemd-udevd: uninitialized urandom read (16 bytes read)
[    1.309958] random: systemd-udevd: uninitialized urandom read (16 bytes read)
[    1.309964] random: systemd-udevd: uninitialized urandom read (16 bytes read)
[    1.328170] usb 4-1: new SuperSpeed USB device number 2 using xhci_hcd
[    1.348534] usb 4-1: LPM exit latency is zeroed, disabling LPM.
[    1.349332] usb 4-1: New USB device found, idVendor=203a, idProduct=fff9
[    1.349333] usb 4-1: New USB device strings: Mfr=1, Product=2, SerialNumber=3
[    1.349334] usb 4-1: Product: FaceTime HD Camera (Built-in)
[    1.349335] usb 4-1: Manufacturer: Parallels
[    1.349336] usb 4-1: SerialNumber: 0x1410000005ac8600
[    1.432799] ahci 0000:00:1f.2: version 3.0
[    1.433057] ahci 0000:00:1f.2: SSS flag set, parallel bus scan disabled
[    1.433159] ahci 0000:00:1f.2: AHCI 0001.0100 32 slots 6 ports 3 Gbps 0x3f impl SATA mode
[    1.433161] ahci 0000:00:1f.2: flags: 64bit ncq stag pm led only slum part 
[    1.438498] scsi host2: ahci
[    1.441745] scsi host3: ahci
[    1.445393] scsi host4: ahci
[    1.448135] scsi host5: ahci
[    1.451078] virtio_net virtio0 enp0s5: renamed from eth0
[    1.451871] scsi host6: ahci
[    1.451992] scsi host7: ahci
[    1.452107] ata3: SATA max UDMA/133 abar m8192@0xf0200000 port 0xf0200100 irq 28
[    1.452109] ata4: SATA max UDMA/133 abar m8192@0xf0200000 port 0xf0200180 irq 28
[    1.452110] ata5: SATA max UDMA/133 abar m8192@0xf0200000 port 0xf0200200 irq 28
[    1.452110] ata6: SATA max UDMA/133 abar m8192@0xf0200000 port 0xf0200280 irq 28
[    1.452111] ata7: SATA max UDMA/133 abar m8192@0xf0200000 port 0xf0200300 irq 28
[    1.452112] ata8: SATA max UDMA/133 abar m8192@0xf0200000 port 0xf0200380 irq 28
[    1.768075] ata3: SATA link up 1.5 Gbps (SStatus 113 SControl 300)
[    1.768299] ata3.00: ATA-8: Ubuntu Linux-0 SSD, F.DTJQ44, max UDMA/100
[    1.768302] ata3.00: 134217728 sectors, multi 0: LBA48 NCQ (depth 31/32)
[    1.768573] ata3.00: configured for UDMA/100
[    1.769169] scsi 2:0:0:0: Direct-Access     ATA      Ubuntu Linux-0 S JQ44 PQ: 0 ANSI: 5
[    1.769648] sd 2:0:0:0: Attached scsi generic sg0 type 0
[    1.769803] sd 2:0:0:0: [sda] 134217728 512-byte logical blocks: (68.7 GB/64.0 GiB)
[    1.769805] sd 2:0:0:0: [sda] 4096-byte physical blocks
[    1.769817] sd 2:0:0:0: [sda] Write Protect is off
[    1.769819] sd 2:0:0:0: [sda] Mode Sense: 00 3a 00 00
[    1.769882] sd 2:0:0:0: [sda] Write cache: enabled, read cache: enabled, doesn't support DPO or FUA
[    1.771369]  sda: sda1 sda2 < sda5 >
[    1.772107] sd 2:0:0:0: [sda] Attached SCSI disk
[    2.083180] ata4: SATA link up 1.5 Gbps (SStatus 113 SControl 300)
[    2.083437] ata4.00: ATAPI: Virtual DVD-ROM [1], FWR1, max UDMA/25
[    2.083897] ata4.00: configured for UDMA/25
[    2.087122] scsi 3:0:0:0: CD-ROM                     Virtual DVD-ROM  R103 PQ: 0 ANSI: 5
[    2.113895] sr 3:0:0:0: [sr0] scsi3-mmc drive: 44x/44x cd/rw xa/form2 cdda tray
[    2.113907] cdrom: Uniform CD-ROM driver Revision: 3.20
[    2.114142] sr 3:0:0:0: Attached scsi CD-ROM sr0
[    2.114234] sr 3:0:0:0: Attached scsi generic sg1 type 5
[    2.426152] ata5: SATA link up 1.5 Gbps (SStatus 113 SControl 300)
[    2.426375] ata5.00: ATAPI: Virtual DVD-ROM [2], FWR1, max UDMA/25
[    2.426740] ata5.00: configured for UDMA/25
[    2.429865] scsi 4:0:0:0: CD-ROM                     Virtual DVD-ROM  R103 PQ: 0 ANSI: 5
[    2.458310] sr 4:0:0:0: [sr1] scsi3-mmc drive: 44x/44x cd/rw xa/form2 cdda tray
[    2.458620] sr 4:0:0:0: Attached scsi CD-ROM sr1
[    2.458855] sr 4:0:0:0: Attached scsi generic sg2 type 5
[    2.492208] input: ImExPS/2 Generic Explorer Mouse as /devices/platform/i8042/serio1/input/input4
[    2.772372] ata6: SATA link down (SStatus 0 SControl 300)
[    3.086558] ata7: SATA link down (SStatus 0 SControl 300)
[    3.402190] ata8: SATA link down (SStatus 0 SControl 300)
[    3.662691] EXT4-fs (sda1): mounted filesystem with ordered data mode. Opts: (null)
[    3.744495] systemd[1]: systemd 229 running in system mode. (+PAM +AUDIT +SELINUX +IMA +APPARMOR +SMACK +SYSVINIT +UTMP +LIBCRYPTSETUP +GCRYPT +GNUTLS +ACL +XZ -LZ4 +SECCOMP +BLKID +ELFUTILS +KMOD -IDN)
[    3.744524] systemd[1]: Detected virtualization parallels.
[    3.744528] systemd[1]: Detected architecture x86-64.
[    3.744677] systemd[1]: Set hostname to <ubuntu>.
[    3.834881] systemd[1]: Listening on fsck to fsckd communication Socket.
[    3.834987] systemd[1]: Listening on Journal Audit Socket.
[    3.835022] systemd[1]: Listening on udev Control Socket.
[    3.835029] systemd[1]: Reached target User and Group Name Lookups.
[    3.835055] systemd[1]: Listening on Syslog Socket.
[    3.835063] systemd[1]: Reached target Encrypted Volumes.
[    3.857907] EXT4-fs (sda1): re-mounted. Opts: errors=remount-ro
[    3.865998] lp: driver loaded but no devices found
[    3.893144] ppdev: user-space parallel port driver
[    3.920201] systemd-journald[253]: Received request to flush runtime journal from PID 1
[    4.128743] audit: type=1400 audit(1584113777.616:2): apparmor="STATUS" operation="profile_load" profile="unconfined" name="/sbin/dhclient" pid=464 comm="apparmor_parser"
[    4.128746] audit: type=1400 audit(1584113777.616:3): apparmor="STATUS" operation="profile_load" profile="unconfined" name="/usr/lib/NetworkManager/nm-dhcp-client.action" pid=464 comm="apparmor_parser"
[    4.128747] audit: type=1400 audit(1584113777.616:4): apparmor="STATUS" operation="profile_load" profile="unconfined" name="/usr/lib/NetworkManager/nm-dhcp-helper" pid=464 comm="apparmor_parser"
[    4.128749] audit: type=1400 audit(1584113777.616:5): apparmor="STATUS" operation="profile_load" profile="unconfined" name="/usr/lib/connman/scripts/dhclient-script" pid=464 comm="apparmor_parser"
[    4.143215] audit: type=1400 audit(1584113777.628:6): apparmor="STATUS" operation="profile_load" profile="unconfined" name="/usr/lib/lightdm/lightdm-guest-session" pid=463 comm="apparmor_parser"
[    4.143218] audit: type=1400 audit(1584113777.628:7): apparmor="STATUS" operation="profile_load" profile="unconfined" name="/usr/lib/lightdm/lightdm-guest-session//chromium" pid=463 comm="apparmor_parser"
[    4.158801] audit: type=1400 audit(1584113777.644:8): apparmor="STATUS" operation="profile_load" profile="unconfined" name="/usr/bin/evince" pid=465 comm="apparmor_parser"
[    4.158803] audit: type=1400 audit(1584113777.644:9): apparmor="STATUS" operation="profile_load" profile="unconfined" name="/usr/bin/evince//sanitized_helper" pid=465 comm="apparmor_parser"
[    4.158804] audit: type=1400 audit(1584113777.644:10): apparmor="STATUS" operation="profile_load" profile="unconfined" name="/usr/bin/evince-previewer" pid=465 comm="apparmor_parser"
[    4.235282] prl_tg: loading out-of-tree module taints kernel.
[    4.235286] prl_tg: module license 'Parallels' taints kernel.
[    4.235286] Disabling lock debugging due to kernel taint
[    4.235323] prl_tg: module verification failed: signature and/or required key missing - tainting kernel
[    4.235867] Parallels ToolGate driver 1.5.0 loaded
[    4.236261] detected Parallels ToolGate, base addr 00008000, IRQ 29
[    4.236706] Parallels Video ToolGate: memory physaddr b0000000, size 256Mb
[    4.236810] detected Parallels Video ToolGate, base addr 00006000, IRQ 30
[    4.265882] lpc_ich 0000:00:1f.0: RCBA is disabled by hardware/BIOS, device disabled
[    4.265889] ACPI Warning: SystemIO range 0x0000000000004028-0x000000000000402F conflicts with OpRegion 0x0000000000004000-0x000000000000404E (\PMIO) (20170831/utaddress-247)
[    4.265892] ACPI Warning: SystemIO range 0x0000000000004028-0x000000000000402F conflicts with OpRegion 0x0000000000004000-0x000000000000404E (\PMIO) (20170831/utaddress-247)
[    4.265896] ACPI: If an ACPI driver is available for this device, you should use it instead of the native driver
[    4.265938] lpc_ich: Resource conflict(s) found affecting gpio_ich
[    4.266926] shpchp: Standard Hot Plug PCI Controller Driver version: 0.4
[    4.282663] media: Linux media interface: v0.10
[    4.288671] Linux video capture interface: v2.00
[    4.308524] uvcvideo: Found UVC 1.00 device FaceTime HD Camera (Built-in) (203a:fff9)
[    4.314297] uvcvideo 4-1:1.0: Entity type for entity Processing 4 was not initialized!
[    4.314302] uvcvideo 4-1:1.0: Entity type for entity Selector 3 was not initialized!
[    4.314303] uvcvideo 4-1:1.0: Entity type for entity Camera Terminal was not initialized!
[    4.314380] usbcore: registered new interface driver uvcvideo
[    4.314381] USB Video Class driver (1.1.1)
[    4.321795] RAPL PMU: API unit is 2^-32 Joules, 5 fixed counters, 10737418240 ms ovfl timer
[    4.321797] RAPL PMU: hw unit of domain pp0-core 2^-0 Joules
[    4.321797] RAPL PMU: hw unit of domain package 2^-0 Joules
[    4.321797] RAPL PMU: hw unit of domain dram 2^-0 Joules
[    4.321798] RAPL PMU: hw unit of domain pp1-gpu 2^-0 Joules
[    4.321798] RAPL PMU: hw unit of domain psys 2^-0 Joules
[    4.393806] AVX2 version of gcm_enc/dec engaged.
[    4.393807] AES CTR mode by8 optimization enabled
[    4.430522] gpio_ich: GPIO from 462 to 511 on gpio_ich
[    4.499646] snd_intel8x0 0000:00:1f.4: enable Parallels VM optimization
[    4.539942] Adding 998396k swap on /dev/sda5.  Priority:-2 extents:1 across:998396k SSFS
[    4.599155] random: crng init done
[    4.599157] random: 7 urandom warning(s) missed due to ratelimiting
[    4.988093] snd_intel8x0 0000:00:1f.4: intel8x0_measure_ac97_clock: measured 62710 usecs (3083 samples)
[    4.988095] snd_intel8x0 0000:00:1f.4: clocking to 46865
[    4.988843] Parallels Linux shared folders filesystem driver 1.5.5 loaded
[    5.096349] IPv6: ADDRCONF(NETDEV_UP): enp0s5: link is not ready
[    5.667325] usb 1-1: new high-speed USB device number 2 using ehci-pci
[    5.820322] usb 1-1: New USB device found, idVendor=203a, idProduct=fffa
[    5.820323] usb 1-1: New USB device strings: Mfr=1, Product=2, SerialNumber=3
[    5.820324] usb 1-1: Product: Virtual Printer (Print to PDF (Mac Desktop))
[    5.820325] usb 1-1: Manufacturer: Parallels
[    5.820326] usb 1-1: SerialNumber: TAG11d87aca0
[    5.833890] usblp 1-1:1.0: usblp0: USB Unidirectional printer dev 2 if 0 alt 0 proto 1 vid 0x203A pid 0xFFFA
[    5.834045] usbcore: registered new interface driver usblp
[   11.090485] usblp0: removed
[   11.101041] usblp 1-1:1.0: usblp0: USB Unidirectional printer dev 2 if 0 alt 0 proto 1 vid 0x203A pid 0xFFFA
[   12.997012] ISO 9660 Extensions: Microsoft Joliet Level 3
[   12.997330] ISO 9660 Extensions: Microsoft Joliet Level 3
[   13.009439] ISOFS: changing to secondary root
[   13.009568] ISO 9660 Extensions: RRIP_1991A
[   91.893927] ISOLATES:Custom ReAllOps module inserting
[   91.898552] ISOLATES:Custom ReAllOps module inserted successfully
[  120.608953] ISOLATES:Custom ReAllOps module removing
[  120.608961] ISOLATES:Custom ReAllOps module removed successfully
[  122.570695] BUG: unable to handle kernel paging request at ffffffffc0475df2
[  122.570707] IP: 0xffffffffc0475df2
[  122.570709] PGD 4c40e067 P4D 4c40e067 PUD 4c410067 PMD 104c46067 PTE 0
[  122.570716] Oops: 0010 [#1] SMP PTI
[  122.570724] Modules linked in: nls_utf8 isofs usblp prl_fs_freeze(POE) prl_fs(POE) prl_eth(POE) snd_intel8x0 snd_ac97_codec ac97_bus snd_pcm x86_pkg_temp_thermal coretemp crct10dif_pclmul crc32_pclmul ghash_clmulni_intel snd_seq_midi pcbc gpio_ich snd_seq_midi_event snd_rawmidi aesni_intel aes_x86_64 snd_seq crypto_simd glue_helper cryptd snd_seq_device snd_timer intel_rapl_perf uvcvideo videobuf2_vmalloc input_leds videobuf2_memops serio_raw videobuf2_v4l2 videobuf2_core videodev media snd soundcore lpc_ich shpchp sbs sbshc prl_tg(POE) pvpanic mac_hid binfmt_misc parport_pc ppdev lp parport autofs4 ahci pata_acpi psmouse libahci virtio_net [last unloaded: reallops]
[  122.570771] CPU: 0 PID: 1722 Comm: gpg-agent Tainted: P           OE    4.15.0-88-generic #88~16.04.1-Ubuntu
[  122.570778] Hardware name: Parallels Software International Inc. Parallels Virtual Platform/Parallels Virtual Platform, BIOS 14.1.3 (45485) 03/12/2019
[  122.570783] RIP: 0010:0xffffffffc0475df2
[  122.570785] RSP: 0018:ffffb8908243fef8 EFLAGS: 00010286
[  122.570788] RAX: 0000000000000000 RBX: 0000000000000004 RCX: 0000000000000000
[  122.570790] RDX: ffffffffffffb5fc RSI: ffffb8908243fe50 RDI: ffff9d54096e8808
[  122.570792] RBP: ffffb8908243ff28 R08: 0000000000000000 R09: 0000000000000000
[  122.570794] R10: ffffb8908243fcd8 R11: 00000000000001c3 R12: 00007ffd00e1e6b0
[  122.570796] R13: 0000000000000000 R14: 0000000000000000 R15: 0000000000000000
[  122.570799] FS:  00007fbdef6b4700(0000) GS:ffff9d540be00000(0000) knlGS:0000000000000000
[  122.570801] CS:  0010 DS: 0000 ES: 0000 CR0: 0000000080050033
[  122.570804] CR2: ffffffffc0475df2 CR3: 0000000033720005 CR4: 00000000003606f0
[  122.570812] Call Trace:
[  122.570833]  do_syscall_64+0x73/0x130
[  122.570840]  entry_SYSCALL_64_after_hwframe+0x3d/0xa2
[  122.570843] RIP: 0033:0x7fbdee6b36ac
[  122.570845] RSP: 002b:00007ffd00e1e310 EFLAGS: 00000293 ORIG_RAX: 000000000000010e
[  122.570848] RAX: ffffffffffffffda RBX: 0000000000000004 RCX: 00007fbdee6b36ac
[  122.570850] RDX: 0000000000000000 RSI: 00007ffd00e1e6b0 RDI: 0000000000000004
[  122.570852] RBP: 0000000000000000 R08: 00007ffd00e1e320 R09: 00007ffd00e1e330
[  122.570853] R10: 0000000000000000 R11: 0000000000000293 R12: 00007ffd00e1e6b0
[  122.570855] R13: 0000000000000000 R14: 0000000000000000 R15: 0000000000000003
[  122.570858] Code:  Bad RIP value.
[  122.570870] RIP: 0xffffffffc0475df2 RSP: ffffb8908243fef8
[  122.570871] CR2: ffffffffc0475df2
[  122.570878] ---[ end trace 06ae74afd473bd2d ]---
[  138.363466] ISOLATES:Custom ReAllOps module inserting
[  138.368167] ISOLATES:Custom ReAllOps module inserted successfully
[  147.136163] ISOLATES:rt_sigprocmask,bash,4705,1000
[  147.136180] ISOLATES:rt_sigaction,bash,4705,1000
[  147.136184] ISOLATES:rt_sigaction,bash,4705,1000
[  147.136187] ISOLATES:rt_sigaction,bash,4705,1000
[  147.136191] ISOLATES:setpgid,bash,4705,1000
[  147.136195] ISOLATES:rt_sigprocmask,bash,4705,1000
[  147.136204] ISOLATES:ioctl,bash,4705,1000
[  147.136212] ISOLATES:rt_sigprocmask,bash,4705,1000
[  147.136215] ISOLATES:close,bash,4705,1000
[  147.136223] ISOLATES:read,bash,4705,1000
[  147.136228] ISOLATES:close,bash,4705,1000
[  147.136246] ISOLATES:rt_sigaction,bash,4705,1000
[  147.136249] ISOLATES:rt_sigaction,bash,4705,1000
[  147.136252] ISOLATES:rt_sigaction,bash,4705,1000
[  147.136255] ISOLATES:rt_sigaction,bash,4705,1000
[  147.136258] ISOLATES:rt_sigaction,bash,4705,1000
[  147.136261] ISOLATES:rt_sigaction,bash,4705,1000
[  147.136264] ISOLATES:rt_sigaction,bash,4705,1000
[  147.136267] ISOLATES:rt_sigaction,bash,4705,1000
[  147.136269] ISOLATES:rt_sigaction,bash,4705,1000
[  147.136272] ISOLATES:rt_sigaction,bash,4705,1000
[  147.136275] ISOLATES:rt_sigaction,bash,4705,1000
[  147.136278] ISOLATES:rt_sigaction,bash,4705,1000
[  147.136281] ISOLATES:rt_sigaction,bash,4705,1000
[  147.136284] ISOLATES:rt_sigaction,bash,4705,1000
[  147.136287] ISOLATES:rt_sigaction,bash,4705,1000
[  147.136293] ISOLATES:rt_sigaction,bash,4705,1000
[  147.136298] ISOLATES:rt_sigaction,bash,4705,1000
[  147.136301] ISOLATES:rt_sigaction,bash,4705,1000
[  147.136304] ISOLATES:rt_sigaction,bash,4705,1000
[  147.136331] ISOLATES:pipe,bash,4705,1000
[  147.136609] ISOLATES:faccessat,bash,4705,1000
[  147.136728] ISOLATES:rt_sigprocmask,bash,4705,1000
[  147.136733] ISOLATES:pipe,bash,4705,1000
[  147.136743] ISOLATES:clone,bash,4705,1000
[  147.136937] ISOLATES:setpgid,bash,4705,1000
[  147.136970] ISOLATES:rt_sigprocmask,bash,4705,1000
[  147.137039] ISOLATES:rt_sigprocmask,bash,4705,1000
[  147.137043] ISOLATES:close,bash,4705,1000
[  147.137047] ISOLATES:close,bash,4705,1000
[  147.137066] ISOLATES:ioctl,bash,4705,1000
[  147.137071] ISOLATES:rt_sigprocmask,bash,4705,1000
[  147.137080] ISOLATES:rt_sigprocmask,bash,4705,1000
[  147.400479] ISOLATES:rt_sigprocmask,bash,4705,1000
[  147.400485] ISOLATES:ioctl,bash,4705,1000
[  147.400490] ISOLATES:rt_sigprocmask,bash,4705,1000
[  147.400512] ISOLATES:rt_sigprocmask,bash,4705,1000
[  147.400655] ISOLATES:exit_group,bash,4705,1000
[  148.188340] ISOLATES:rt_sigprocmask,bash,4710,1000
[  148.188358] ISOLATES:rt_sigaction,bash,4710,1000
[  148.188362] ISOLATES:rt_sigaction,bash,4710,1000
[  148.188365] ISOLATES:rt_sigaction,bash,4710,1000
[  148.188368] ISOLATES:setpgid,bash,4710,1000
[  148.188373] ISOLATES:rt_sigprocmask,bash,4710,1000
[  148.188381] ISOLATES:ioctl,bash,4710,1000
[  148.188388] ISOLATES:rt_sigprocmask,bash,4710,1000
[  148.188392] ISOLATES:close,bash,4710,1000
[  148.188400] ISOLATES:read,bash,4710,1000
[  148.188405] ISOLATES:close,bash,4710,1000
[  148.188423] ISOLATES:rt_sigaction,bash,4710,1000
[  148.188427] ISOLATES:rt_sigaction,bash,4710,1000
[  148.188430] ISOLATES:rt_sigaction,bash,4710,1000
[  148.188433] ISOLATES:rt_sigaction,bash,4710,1000
[  148.188435] ISOLATES:rt_sigaction,bash,4710,1000
[  148.188438] ISOLATES:rt_sigaction,bash,4710,1000
[  148.188441] ISOLATES:rt_sigaction,bash,4710,1000
[  148.188444] ISOLATES:rt_sigaction,bash,4710,1000
[  148.188447] ISOLATES:rt_sigaction,bash,4710,1000
[  148.188450] ISOLATES:rt_sigaction,bash,4710,1000
[  148.188453] ISOLATES:rt_sigaction,bash,4710,1000
[  148.188455] ISOLATES:rt_sigaction,bash,4710,1000
[  148.188458] ISOLATES:rt_sigaction,bash,4710,1000
[  148.188461] ISOLATES:rt_sigaction,bash,4710,1000
[  148.188464] ISOLATES:rt_sigaction,bash,4710,1000
[  148.188470] ISOLATES:rt_sigaction,bash,4710,1000
[  148.188475] ISOLATES:rt_sigaction,bash,4710,1000
[  148.188479] ISOLATES:rt_sigaction,bash,4710,1000
[  148.188482] ISOLATES:rt_sigaction,bash,4710,1000
[  148.188563] ISOLATES:execve,bash,4710,1000
[  148.188929] ISOLATES:brk,ls,4710,1000
[  148.188970] ISOLATES:access,ls,4710,1000
[  148.188996] ISOLATES:access,ls,4710,1000
[  148.189009] ISOLATES:open,ls,4710,1000,/etc/ld.so.cache,O_WRONLY,2495
[  148.189013] ISOLATES:open,ls,4710,1000,/lib/x86_64-linux-gnu/tls/x86_64/libselinux.so.1,DEFAULT,2495
[  148.189017] ISOLATES:stat,ls,4710,1000
[  148.189023] ISOLATES:open,ls,4710,1000,/lib/x86_64-linux-gnu/tls/libselinux.so.1,DEFAULT,2495
[  148.189026] ISOLATES:stat,ls,4710,1000
[  148.189031] ISOLATES:open,ls,4710,1000,/lib/x86_64-linux-gnu/x86_64/libselinux.so.1,DEFAULT,2495
[  148.189034] ISOLATES:stat,ls,4710,1000
[  148.189038] ISOLATES:open,ls,4710,1000,/lib/x86_64-linux-gnu/libselinux.so.1,DEFAULT,2495
[  148.189041] ISOLATES:stat,ls,4710,1000
[  148.189051] ISOLATES:writev,ls,4710,1000
[  148.189070] ISOLATES:exit_group,ls,4710,1000
[  390.007079] ISOLATES:rt_sigprocmask,bash,5435,1000
[  390.007090] ISOLATES:rt_sigaction,bash,5435,1000
[  390.007092] ISOLATES:rt_sigaction,bash,5435,1000
[  390.007094] ISOLATES:rt_sigaction,bash,5435,1000
[  390.007096] ISOLATES:setpgid,bash,5435,1000
[  390.007099] ISOLATES:rt_sigprocmask,bash,5435,1000
[  390.007104] ISOLATES:ioctl,bash,5435,1000
[  390.007108] ISOLATES:rt_sigprocmask,bash,5435,1000
[  390.007110] ISOLATES:close,bash,5435,1000
[  390.007123] ISOLATES:read,bash,5435,1000
[  390.007126] ISOLATES:close,bash,5435,1000
[  390.007138] ISOLATES:rt_sigaction,bash,5435,1000
[  390.007140] ISOLATES:rt_sigaction,bash,5435,1000
[  390.007142] ISOLATES:rt_sigaction,bash,5435,1000
[  390.007143] ISOLATES:rt_sigaction,bash,5435,1000
[  390.007145] ISOLATES:rt_sigaction,bash,5435,1000
[  390.007146] ISOLATES:rt_sigaction,bash,5435,1000
[  390.007148] ISOLATES:rt_sigaction,bash,5435,1000
[  390.007150] ISOLATES:rt_sigaction,bash,5435,1000
[  390.007151] ISOLATES:rt_sigaction,bash,5435,1000
[  390.007153] ISOLATES:rt_sigaction,bash,5435,1000
[  390.007155] ISOLATES:rt_sigaction,bash,5435,1000
[  390.007156] ISOLATES:rt_sigaction,bash,5435,1000
[  390.007158] ISOLATES:rt_sigaction,bash,5435,1000
[  390.007159] ISOLATES:rt_sigaction,bash,5435,1000
[  390.007161] ISOLATES:rt_sigaction,bash,5435,1000
[  390.007170] ISOLATES:rt_sigaction,bash,5435,1000
[  390.007174] ISOLATES:rt_sigaction,bash,5435,1000
[  390.007176] ISOLATES:rt_sigaction,bash,5435,1000
[  390.007177] ISOLATES:rt_sigaction,bash,5435,1000
[  390.007228] ISOLATES:execve,bash,5435,1000
[  390.007482] ISOLATES:brk,ls,5435,1000
[  390.007510] ISOLATES:access,ls,5435,1000
[  390.007523] ISOLATES:access,ls,5435,1000
[  390.007531] ISOLATES:open,ls,5435,1000,/etc/ld.so.cache,O_WRONLY,2495
[  390.007534] ISOLATES:open,ls,5435,1000,/lib/x86_64-linux-gnu/tls/x86_64/libselinux.so.1,DEFAULT,2495
[  390.007536] ISOLATES:stat,ls,5435,1000
[  390.007539] ISOLATES:open,ls,5435,1000,/lib/x86_64-linux-gnu/tls/libselinux.so.1,DEFAULT,2495
[  390.007541] ISOLATES:stat,ls,5435,1000
[  390.007544] ISOLATES:open,ls,5435,1000,/lib/x86_64-linux-gnu/x86_64/libselinux.so.1,DEFAULT,2495
[  390.007545] ISOLATES:stat,ls,5435,1000
[  390.007548] ISOLATES:open,ls,5435,1000,/lib/x86_64-linux-gnu/libselinux.so.1,DEFAULT,2495
[  390.007549] ISOLATES:stat,ls,5435,1000
[  390.007556] ISOLATES:writev,ls,5435,1000
[  390.007569] ISOLATES:exit_group,ls,5435,1000
[  392.792465] ISOLATES:rt_sigprocmask,bash,5442,1000
[  392.792484] ISOLATES:rt_sigaction,bash,5442,1000
[  392.792488] ISOLATES:rt_sigaction,bash,5442,1000
[  392.792491] ISOLATES:rt_sigaction,bash,5442,1000
[  392.792495] ISOLATES:setpgid,bash,5442,1000
[  392.792500] ISOLATES:rt_sigprocmask,bash,5442,1000
[  392.792509] ISOLATES:ioctl,bash,5442,1000
[  392.792518] ISOLATES:rt_sigprocmask,bash,5442,1000
[  392.792521] ISOLATES:close,bash,5442,1000
[  392.792531] ISOLATES:read,bash,5442,1000
[  392.792537] ISOLATES:close,bash,5442,1000
[  392.792555] ISOLATES:rt_sigaction,bash,5442,1000
[  392.792559] ISOLATES:rt_sigaction,bash,5442,1000
[  392.792561] ISOLATES:rt_sigaction,bash,5442,1000
[  392.792564] ISOLATES:rt_sigaction,bash,5442,1000
[  392.792567] ISOLATES:rt_sigaction,bash,5442,1000
[  392.792570] ISOLATES:rt_sigaction,bash,5442,1000
[  392.792573] ISOLATES:rt_sigaction,bash,5442,1000
[  392.792576] ISOLATES:rt_sigaction,bash,5442,1000
[  392.792578] ISOLATES:rt_sigaction,bash,5442,1000
[  392.792581] ISOLATES:rt_sigaction,bash,5442,1000
[  392.792584] ISOLATES:rt_sigaction,bash,5442,1000
[  392.792587] ISOLATES:rt_sigaction,bash,5442,1000
[  392.792590] ISOLATES:rt_sigaction,bash,5442,1000
[  392.792593] ISOLATES:rt_sigaction,bash,5442,1000
[  392.792596] ISOLATES:rt_sigaction,bash,5442,1000
[  392.792602] ISOLATES:rt_sigaction,bash,5442,1000
[  392.792608] ISOLATES:rt_sigaction,bash,5442,1000
[  392.792611] ISOLATES:rt_sigaction,bash,5442,1000
[  392.792614] ISOLATES:rt_sigaction,bash,5442,1000
[  392.792698] ISOLATES:execve,bash,5442,1000
[  392.793074] ISOLATES:brk,ls,5442,1000
[  392.793117] ISOLATES:access,ls,5442,1000
[  392.793142] ISOLATES:access,ls,5442,1000
[  392.793159] ISOLATES:open,ls,5442,1000,/etc/ld.so.cache,O_WRONLY,2495
[  392.793163] ISOLATES:open,ls,5442,1000,/lib/x86_64-linux-gnu/tls/x86_64/libselinux.so.1,DEFAULT,2495
[  392.793167] ISOLATES:stat,ls,5442,1000
[  392.793174] ISOLATES:open,ls,5442,1000,/lib/x86_64-linux-gnu/tls/libselinux.so.1,DEFAULT,2495
[  392.793176] ISOLATES:stat,ls,5442,1000
[  392.793181] ISOLATES:open,ls,5442,1000,/lib/x86_64-linux-gnu/x86_64/libselinux.so.1,DEFAULT,2495
[  392.793184] ISOLATES:stat,ls,5442,1000
[  392.793188] ISOLATES:open,ls,5442,1000,/lib/x86_64-linux-gnu/libselinux.so.1,DEFAULT,2495
[  392.793191] ISOLATES:stat,ls,5442,1000
[  392.793200] ISOLATES:writev,ls,5442,1000
[  392.793247] ISOLATES:exit_group,ls,5442,1000
[  409.672211] ISOLATES:rt_sigprocmask,bash,5496,1000
[  409.672228] ISOLATES:rt_sigaction,bash,5496,1000
[  409.672232] ISOLATES:rt_sigaction,bash,5496,1000
[  409.672236] ISOLATES:rt_sigaction,bash,5496,1000
[  409.672239] ISOLATES:setpgid,bash,5496,1000
[  409.672244] ISOLATES:rt_sigprocmask,bash,5496,1000
[  409.672253] ISOLATES:ioctl,bash,5496,1000
[  409.672260] ISOLATES:rt_sigprocmask,bash,5496,1000
[  409.672264] ISOLATES:close,bash,5496,1000
[  409.672278] ISOLATES:read,bash,5496,1000
[  409.672283] ISOLATES:close,bash,5496,1000
[  409.672300] ISOLATES:rt_sigaction,bash,5496,1000
[  409.672304] ISOLATES:rt_sigaction,bash,5496,1000
[  409.672307] ISOLATES:rt_sigaction,bash,5496,1000
[  409.672310] ISOLATES:rt_sigaction,bash,5496,1000
[  409.672312] ISOLATES:rt_sigaction,bash,5496,1000
[  409.672315] ISOLATES:rt_sigaction,bash,5496,1000
[  409.672318] ISOLATES:rt_sigaction,bash,5496,1000
[  409.672321] ISOLATES:rt_sigaction,bash,5496,1000
[  409.672324] ISOLATES:rt_sigaction,bash,5496,1000
[  409.672327] ISOLATES:rt_sigaction,bash,5496,1000
[  409.672329] ISOLATES:rt_sigaction,bash,5496,1000
[  409.672332] ISOLATES:rt_sigaction,bash,5496,1000
[  409.672335] ISOLATES:rt_sigaction,bash,5496,1000
[  409.672338] ISOLATES:rt_sigaction,bash,5496,1000
[  409.672341] ISOLATES:rt_sigaction,bash,5496,1000
[  409.672347] ISOLATES:rt_sigaction,bash,5496,1000
[  409.672353] ISOLATES:rt_sigaction,bash,5496,1000
[  409.672356] ISOLATES:rt_sigaction,bash,5496,1000
[  409.672359] ISOLATES:rt_sigaction,bash,5496,1000
[  409.672442] ISOLATES:execve,bash,5496,1000
[  409.676290] ISOLATES:brk,nc,5496,1000
[  409.676341] ISOLATES:access,nc,5496,1000
[  409.676486] ISOLATES:access,nc,5496,1000
[  409.676535] ISOLATES:open,nc,5496,1000,/etc/ld.so.cache,O_WRONLY,2495
[  409.676553] ISOLATES:open,nc,5496,1000,/lib/x86_64-linux-gnu/tls/x86_64/libbsd.so.0,DEFAULT,2495
[  409.676559] ISOLATES:stat,nc,5496,1000
[  409.676683] ISOLATES:open,nc,5496,1000,/lib/x86_64-linux-gnu/tls/libbsd.so.0,DEFAULT,2495
[  409.676690] ISOLATES:stat,nc,5496,1000
[  409.676699] ISOLATES:open,nc,5496,1000,/lib/x86_64-linux-gnu/x86_64/libbsd.so.0,DEFAULT,2495
[  409.676702] ISOLATES:stat,nc,5496,1000
[  409.676707] ISOLATES:open,nc,5496,1000,/lib/x86_64-linux-gnu/libbsd.so.0,DEFAULT,2495
[  409.676709] ISOLATES:stat,nc,5496,1000
[  409.676726] ISOLATES:writev,nc,5496,1000
[  409.676761] ISOLATES:exit_group,nc,5496,1000
[  461.551255] ISOLATES:Custom ReAllOps module removing
[  461.551265] ISOLATES:Custom ReAllOps module removed successfully
[  487.712183] BUG: unable to handle kernel paging request at ffffffffc0478e16
[  487.712194] IP: 0xffffffffc0478e16
[  487.712197] PGD 4c40e067 P4D 4c40e067 PUD 4c410067 PMD 104c46067 PTE 0
[  487.712203] Oops: 0010 [#2] SMP PTI
[  487.712207] Modules linked in: nls_utf8 isofs usblp prl_fs_freeze(POE) prl_fs(POE) prl_eth(POE) snd_intel8x0 snd_ac97_codec ac97_bus snd_pcm x86_pkg_temp_thermal coretemp crct10dif_pclmul crc32_pclmul ghash_clmulni_intel snd_seq_midi pcbc gpio_ich snd_seq_midi_event snd_rawmidi aesni_intel aes_x86_64 snd_seq crypto_simd glue_helper cryptd snd_seq_device snd_timer intel_rapl_perf uvcvideo videobuf2_vmalloc input_leds videobuf2_memops serio_raw videobuf2_v4l2 videobuf2_core videodev media snd soundcore lpc_ich shpchp sbs sbshc prl_tg(POE) pvpanic mac_hid binfmt_misc parport_pc ppdev lp parport autofs4 ahci pata_acpi psmouse libahci virtio_net [last unloaded: reallops]
[  487.712246] CPU: 0 PID: 5627 Comm: nc Tainted: P      D    OE    4.15.0-88-generic #88~16.04.1-Ubuntu
[  487.712249] Hardware name: Parallels Software International Inc. Parallels Virtual Platform/Parallels Virtual Platform, BIOS 14.1.3 (45485) 03/12/2019
[  487.712252] RIP: 0010:0xffffffffc0478e16
[  487.712254] RSP: 0018:ffffb890849bff10 EFLAGS: 00010282
[  487.712257] RAX: fffffffffffffe00 RBX: 0000000000000003 RCX: 0000000000000000
[  487.712259] RDX: ffff9d537414d640 RSI: ffff9d537fd6c400 RDI: ffff9d54063b8600
[  487.712261] RBP: ffffb890849bff28 R08: 000062ac80000000 R09: 000000000000022f
[  487.712263] R10: 0000000000000242 R11: 000000000000022f R12: 00007ffe72991720
[  487.712265] R13: 00007ffe72991694 R14: 0000000000000000 R15: 0000000000000000
[  487.712267] FS:  00007ff666fb6700(0000) GS:ffff9d540be00000(0000) knlGS:0000000000000000
[  487.712270] CS:  0010 DS: 0000 ES: 0000 CR0: 0000000080050033
[  487.712272] CR2: ffffffffc0478e16 CR3: 000000007ff50002 CR4: 00000000003606f0
[  487.712281] Call Trace:
[  487.712297]  do_syscall_64+0x73/0x130
[  487.712303]  entry_SYSCALL_64_after_hwframe+0x3d/0xa2
[  487.712305] RIP: 0033:0x7ff6666b90a0
[  487.712307] RSP: 002b:00007ffe72991608 EFLAGS: 00000246 ORIG_RAX: 000000000000002b
[  487.712310] RAX: ffffffffffffffda RBX: 00007ffe729958d8 RCX: 00007ff6666b90a0
[  487.712312] RDX: 00007ffe72991694 RSI: 00007ffe72991720 RDI: 0000000000000003
[  487.712314] RBP: 00007ffe72991720 R08: 0000000000000000 R09: 0000000000000000
[  487.712315] R10: 000000000000071a R11: 0000000000000246 R12: 00007ffe72991694
[  487.712317] R13: 0000000000405a21 R14: 0000000000000000 R15: 0000000000000003
[  487.712320] Code:  Bad RIP value.
[  487.712330] RIP: 0xffffffffc0478e16 RSP: ffffb890849bff10
[  487.712332] CR2: ffffffffc0478e16
[  487.712336] ---[ end trace 06ae74afd473bd2e ]---
[  524.043496] ISOLATES:Custom ReAllOps module inserting
[  524.049378] ISOLATES:Custom ReAllOps module inserted successfully
[  606.192198] ISOLATES:Custom ReAllOps module removing
[  606.192209] ISOLATES:Custom ReAllOps module removed successfully
[  632.162546] ISOLATES:Custom ReAllOps module inserting
[  632.167812] ISOLATES:Custom ReAllOps module inserted successfully
[  640.826500] ISOLATES:rt_sigprocmask,bash,6255,1000
[  640.826518] ISOLATES:rt_sigaction,bash,6255,1000
[  640.826522] ISOLATES:rt_sigaction,bash,6255,1000
[  640.826526] ISOLATES:rt_sigaction,bash,6255,1000
[  640.826529] ISOLATES:setpgid,bash,6255,1000
[  640.826534] ISOLATES:rt_sigprocmask,bash,6255,1000
[  640.826543] ISOLATES:ioctl,bash,6255,1000
[  640.826551] ISOLATES:rt_sigprocmask,bash,6255,1000
[  640.826554] ISOLATES:close,bash,6255,1000
[  640.826565] ISOLATES:read,bash,6255,1000
[  640.826570] ISOLATES:close,bash,6255,1000
[  640.826590] ISOLATES:rt_sigaction,bash,6255,1000
[  640.826593] ISOLATES:rt_sigaction,bash,6255,1000
[  640.826596] ISOLATES:rt_sigaction,bash,6255,1000
[  640.826599] ISOLATES:rt_sigaction,bash,6255,1000
[  640.826602] ISOLATES:rt_sigaction,bash,6255,1000
[  640.826605] ISOLATES:rt_sigaction,bash,6255,1000
[  640.826608] ISOLATES:rt_sigaction,bash,6255,1000
[  640.826610] ISOLATES:rt_sigaction,bash,6255,1000
[  640.826613] ISOLATES:rt_sigaction,bash,6255,1000
[  640.826616] ISOLATES:rt_sigaction,bash,6255,1000
[  640.826619] ISOLATES:rt_sigaction,bash,6255,1000
[  640.826622] ISOLATES:rt_sigaction,bash,6255,1000
[  640.826625] ISOLATES:rt_sigaction,bash,6255,1000
[  640.826627] ISOLATES:rt_sigaction,bash,6255,1000
[  640.826630] ISOLATES:rt_sigaction,bash,6255,1000
[  640.826636] ISOLATES:rt_sigaction,bash,6255,1000
[  640.826642] ISOLATES:rt_sigaction,bash,6255,1000
[  640.826645] ISOLATES:rt_sigaction,bash,6255,1000
[  640.826648] ISOLATES:rt_sigaction,bash,6255,1000
[  640.826741] ISOLATES:execve,bash,6255,1000
[  640.827131] ISOLATES:brk,ls,6255,1000
[  640.827173] ISOLATES:access,ls,6255,1000
[  640.827194] ISOLATES:access,ls,6255,1000
[  640.827207] ISOLATES:open,ls,6255,1000,/etc/ld.so.cache,O_WRONLY,2495
[  640.827212] ISOLATES:open,ls,6255,1000,/lib/x86_64-linux-gnu/tls/x86_64/libselinux.so.1,DEFAULT,2495
[  640.827215] ISOLATES:stat,ls,6255,1000
[  640.827222] ISOLATES:open,ls,6255,1000,/lib/x86_64-linux-gnu/tls/libselinux.so.1,DEFAULT,2495
[  640.827225] ISOLATES:stat,ls,6255,1000
[  640.827229] ISOLATES:open,ls,6255,1000,/lib/x86_64-linux-gnu/x86_64/libselinux.so.1,DEFAULT,2495
[  640.827232] ISOLATES:stat,ls,6255,1000
[  640.827236] ISOLATES:open,ls,6255,1000,/lib/x86_64-linux-gnu/libselinux.so.1,DEFAULT,2495
[  640.827239] ISOLATES:stat,ls,6255,1000
[  640.827248] ISOLATES:writev,ls,6255,1000
[  640.827269] ISOLATES:exit_group,ls,6255,1000
[  643.284777] ISOLATES:rt_sigprocmask,bash,6265,1000
[  643.284795] ISOLATES:rt_sigaction,bash,6265,1000
[  643.284799] ISOLATES:rt_sigaction,bash,6265,1000
[  643.284802] ISOLATES:rt_sigaction,bash,6265,1000
[  643.284805] ISOLATES:setpgid,bash,6265,1000
[  643.284810] ISOLATES:rt_sigprocmask,bash,6265,1000
[  643.284818] ISOLATES:ioctl,bash,6265,1000
[  643.284826] ISOLATES:rt_sigprocmask,bash,6265,1000
[  643.284836] ISOLATES:close,bash,6265,1000
[  643.284845] ISOLATES:read,bash,6265,1000
[  643.284850] ISOLATES:close,bash,6265,1000
[  643.284868] ISOLATES:rt_sigaction,bash,6265,1000
[  643.284872] ISOLATES:rt_sigaction,bash,6265,1000
[  643.284875] ISOLATES:rt_sigaction,bash,6265,1000
[  643.284878] ISOLATES:rt_sigaction,bash,6265,1000
[  643.284880] ISOLATES:rt_sigaction,bash,6265,1000
[  643.284883] ISOLATES:rt_sigaction,bash,6265,1000
[  643.284886] ISOLATES:rt_sigaction,bash,6265,1000
[  643.284889] ISOLATES:rt_sigaction,bash,6265,1000
[  643.284892] ISOLATES:rt_sigaction,bash,6265,1000
[  643.284895] ISOLATES:rt_sigaction,bash,6265,1000
[  643.284898] ISOLATES:rt_sigaction,bash,6265,1000
[  643.284900] ISOLATES:rt_sigaction,bash,6265,1000
[  643.284903] ISOLATES:rt_sigaction,bash,6265,1000
[  643.284906] ISOLATES:rt_sigaction,bash,6265,1000
[  643.284909] ISOLATES:rt_sigaction,bash,6265,1000
[  643.284915] ISOLATES:rt_sigaction,bash,6265,1000
[  643.284921] ISOLATES:rt_sigaction,bash,6265,1000
[  643.284924] ISOLATES:rt_sigaction,bash,6265,1000
[  643.284927] ISOLATES:rt_sigaction,bash,6265,1000
[  643.285009] ISOLATES:execve,bash,6265,1000
[  643.285386] ISOLATES:brk,ls,6265,1000
[  643.285430] ISOLATES:access,ls,6265,1000
[  643.285456] ISOLATES:access,ls,6265,1000
[  643.285468] ISOLATES:open,ls,6265,1000,/etc/ld.so.cache,O_WRONLY,2495
[  643.285473] ISOLATES:open,ls,6265,1000,/lib/x86_64-linux-gnu/tls/x86_64/libselinux.so.1,DEFAULT,2495
[  643.285477] ISOLATES:stat,ls,6265,1000
[  643.285483] ISOLATES:open,ls,6265,1000,/lib/x86_64-linux-gnu/tls/libselinux.so.1,DEFAULT,2495
[  643.285486] ISOLATES:stat,ls,6265,1000
[  643.285490] ISOLATES:open,ls,6265,1000,/lib/x86_64-linux-gnu/x86_64/libselinux.so.1,DEFAULT,2495
[  643.285493] ISOLATES:stat,ls,6265,1000
[  643.285498] ISOLATES:open,ls,6265,1000,/lib/x86_64-linux-gnu/libselinux.so.1,DEFAULT,2495
[  643.285501] ISOLATES:stat,ls,6265,1000
[  643.285510] ISOLATES:writev,ls,6265,1000
[  643.285555] ISOLATES:exit_group,ls,6265,1000
[  652.111681] ISOLATES:rt_sigprocmask,bash,6294,1000
[  652.111700] ISOLATES:rt_sigaction,bash,6294,1000
[  652.111705] ISOLATES:rt_sigaction,bash,6294,1000
[  652.111708] ISOLATES:rt_sigaction,bash,6294,1000
[  652.111711] ISOLATES:setpgid,bash,6294,1000
[  652.111717] ISOLATES:rt_sigprocmask,bash,6294,1000
[  652.111726] ISOLATES:ioctl,bash,6294,1000
[  652.111735] ISOLATES:rt_sigprocmask,bash,6294,1000
[  652.111738] ISOLATES:close,bash,6294,1000
[  652.111749] ISOLATES:read,bash,6294,1000
[  652.111754] ISOLATES:close,bash,6294,1000
[  652.111774] ISOLATES:rt_sigaction,bash,6294,1000
[  652.111777] ISOLATES:rt_sigaction,bash,6294,1000
[  652.111780] ISOLATES:rt_sigaction,bash,6294,1000
[  652.111783] ISOLATES:rt_sigaction,bash,6294,1000
[  652.111786] ISOLATES:rt_sigaction,bash,6294,1000
[  652.111789] ISOLATES:rt_sigaction,bash,6294,1000
[  652.111791] ISOLATES:rt_sigaction,bash,6294,1000
[  652.111794] ISOLATES:rt_sigaction,bash,6294,1000
[  652.111797] ISOLATES:rt_sigaction,bash,6294,1000
[  652.111800] ISOLATES:rt_sigaction,bash,6294,1000
[  652.111803] ISOLATES:rt_sigaction,bash,6294,1000
[  652.111806] ISOLATES:rt_sigaction,bash,6294,1000
[  652.111809] ISOLATES:rt_sigaction,bash,6294,1000
[  652.111811] ISOLATES:rt_sigaction,bash,6294,1000
[  652.111814] ISOLATES:rt_sigaction,bash,6294,1000
[  652.111820] ISOLATES:rt_sigaction,bash,6294,1000
[  652.111827] ISOLATES:rt_sigaction,bash,6294,1000
[  652.111830] ISOLATES:rt_sigaction,bash,6294,1000
[  652.111834] ISOLATES:rt_sigaction,bash,6294,1000
[  652.111917] ISOLATES:execve,bash,6294,1000
[  652.123007] ISOLATES:sched_getaffinity,simplestHTTPSer,6294,1000
[  652.123020] ISOLATES:openat,simplestHTTPSer,6294,1000
[  652.123068] ISOLATES:read,simplestHTTPSer,6294,1000
[  652.123083] ISOLATES:close,simplestHTTPSer,6294,1000
[  652.135147] ISOLATES:rt_sigprocmask,simplestHTTPSer,6294,1000
[  652.135321] ISOLATES:sigaltstack,simplestHTTPSer,6294,1000
[  652.135326] ISOLATES:sigaltstack,simplestHTTPSer,6294,1000
[  652.135337] ISOLATES:rt_sigprocmask,simplestHTTPSer,6294,1000
[  652.135341] ISOLATES:gettid,simplestHTTPSer,6294,1000
[  652.135346] ISOLATES:rt_sigaction,simplestHTTPSer,6294,1000
[  652.135351] ISOLATES:rt_sigaction,simplestHTTPSer,6294,1000
[  652.135354] ISOLATES:rt_sigaction,simplestHTTPSer,6294,1000
[  652.135357] ISOLATES:rt_sigaction,simplestHTTPSer,6294,1000
[  652.135360] ISOLATES:rt_sigaction,simplestHTTPSer,6294,1000
[  652.135363] ISOLATES:rt_sigaction,simplestHTTPSer,6294,1000
[  652.135366] ISOLATES:rt_sigaction,simplestHTTPSer,6294,1000
[  652.135369] ISOLATES:rt_sigaction,simplestHTTPSer,6294,1000
[  652.135372] ISOLATES:rt_sigaction,simplestHTTPSer,6294,1000
[  652.135375] ISOLATES:rt_sigaction,simplestHTTPSer,6294,1000
[  652.135378] ISOLATES:rt_sigaction,simplestHTTPSer,6294,1000
[  652.135381] ISOLATES:rt_sigaction,simplestHTTPSer,6294,1000
[  652.135383] ISOLATES:rt_sigaction,simplestHTTPSer,6294,1000
[  652.135386] ISOLATES:rt_sigaction,simplestHTTPSer,6294,1000
[  652.135389] ISOLATES:rt_sigaction,simplestHTTPSer,6294,1000
[  652.135392] ISOLATES:rt_sigaction,simplestHTTPSer,6294,1000
[  652.135395] ISOLATES:rt_sigaction,simplestHTTPSer,6294,1000
[  652.135398] ISOLATES:rt_sigaction,simplestHTTPSer,6294,1000
[  652.135401] ISOLATES:rt_sigaction,simplestHTTPSer,6294,1000
[  652.135404] ISOLATES:rt_sigaction,simplestHTTPSer,6294,1000
[  652.135407] ISOLATES:rt_sigaction,simplestHTTPSer,6294,1000
[  652.135410] ISOLATES:rt_sigaction,simplestHTTPSer,6294,1000
[  652.135412] ISOLATES:rt_sigaction,simplestHTTPSer,6294,1000
[  652.135416] ISOLATES:rt_sigaction,simplestHTTPSer,6294,1000
[  652.135418] ISOLATES:rt_sigaction,simplestHTTPSer,6294,1000
[  652.135421] ISOLATES:rt_sigaction,simplestHTTPSer,6294,1000
[  652.135424] ISOLATES:rt_sigaction,simplestHTTPSer,6294,1000
[  652.135427] ISOLATES:rt_sigaction,simplestHTTPSer,6294,1000
[  652.135430] ISOLATES:rt_sigaction,simplestHTTPSer,6294,1000
[  652.135433] ISOLATES:rt_sigaction,simplestHTTPSer,6294,1000
[  652.135436] ISOLATES:rt_sigaction,simplestHTTPSer,6294,1000
[  652.135439] ISOLATES:rt_sigaction,simplestHTTPSer,6294,1000
[  652.135442] ISOLATES:rt_sigaction,simplestHTTPSer,6294,1000
[  652.135445] ISOLATES:rt_sigaction,simplestHTTPSer,6294,1000
[  652.135448] ISOLATES:rt_sigaction,simplestHTTPSer,6294,1000
[  652.135450] ISOLATES:rt_sigaction,simplestHTTPSer,6294,1000
[  652.135453] ISOLATES:rt_sigaction,simplestHTTPSer,6294,1000
[  652.135456] ISOLATES:rt_sigaction,simplestHTTPSer,6294,1000
[  652.135459] ISOLATES:rt_sigaction,simplestHTTPSer,6294,1000
[  652.135462] ISOLATES:rt_sigaction,simplestHTTPSer,6294,1000
[  652.135465] ISOLATES:rt_sigaction,simplestHTTPSer,6294,1000
[  652.135468] ISOLATES:rt_sigaction,simplestHTTPSer,6294,1000
[  652.135471] ISOLATES:rt_sigaction,simplestHTTPSer,6294,1000
[  652.135474] ISOLATES:rt_sigaction,simplestHTTPSer,6294,1000
[  652.135477] ISOLATES:rt_sigaction,simplestHTTPSer,6294,1000
[  652.135480] ISOLATES:rt_sigaction,simplestHTTPSer,6294,1000
[  652.135482] ISOLATES:rt_sigaction,simplestHTTPSer,6294,1000
[  652.135485] ISOLATES:rt_sigaction,simplestHTTPSer,6294,1000
[  652.135488] ISOLATES:rt_sigaction,simplestHTTPSer,6294,1000
[  652.135491] ISOLATES:rt_sigaction,simplestHTTPSer,6294,1000
[  652.135494] ISOLATES:rt_sigaction,simplestHTTPSer,6294,1000
[  652.135497] ISOLATES:rt_sigaction,simplestHTTPSer,6294,1000
[  652.135500] ISOLATES:rt_sigaction,simplestHTTPSer,6294,1000
[  652.135503] ISOLATES:rt_sigaction,simplestHTTPSer,6294,1000
[  652.135506] ISOLATES:rt_sigaction,simplestHTTPSer,6294,1000
[  652.135509] ISOLATES:rt_sigaction,simplestHTTPSer,6294,1000
[  652.135512] ISOLATES:rt_sigaction,simplestHTTPSer,6294,1000
[  652.135515] ISOLATES:rt_sigaction,simplestHTTPSer,6294,1000
[  652.135518] ISOLATES:rt_sigaction,simplestHTTPSer,6294,1000
[  652.135520] ISOLATES:rt_sigaction,simplestHTTPSer,6294,1000
[  652.135523] ISOLATES:rt_sigaction,simplestHTTPSer,6294,1000
[  652.135526] ISOLATES:rt_sigaction,simplestHTTPSer,6294,1000
[  652.135532] ISOLATES:rt_sigaction,simplestHTTPSer,6294,1000
[  652.135535] ISOLATES:rt_sigaction,simplestHTTPSer,6294,1000
[  652.135538] ISOLATES:rt_sigaction,simplestHTTPSer,6294,1000
[  652.135541] ISOLATES:rt_sigaction,simplestHTTPSer,6294,1000
[  652.135544] ISOLATES:rt_sigaction,simplestHTTPSer,6294,1000
[  652.135546] ISOLATES:rt_sigaction,simplestHTTPSer,6294,1000
[  652.135549] ISOLATES:rt_sigaction,simplestHTTPSer,6294,1000
[  652.135552] ISOLATES:rt_sigaction,simplestHTTPSer,6294,1000
[  652.135555] ISOLATES:rt_sigaction,simplestHTTPSer,6294,1000
[  652.135558] ISOLATES:rt_sigaction,simplestHTTPSer,6294,1000
[  652.135561] ISOLATES:rt_sigaction,simplestHTTPSer,6294,1000
[  652.135564] ISOLATES:rt_sigaction,simplestHTTPSer,6294,1000
[  652.135567] ISOLATES:rt_sigaction,simplestHTTPSer,6294,1000
[  652.135570] ISOLATES:rt_sigaction,simplestHTTPSer,6294,1000
[  652.135573] ISOLATES:rt_sigaction,simplestHTTPSer,6294,1000
[  652.135576] ISOLATES:rt_sigaction,simplestHTTPSer,6294,1000
[  652.135578] ISOLATES:rt_sigaction,simplestHTTPSer,6294,1000
[  652.135581] ISOLATES:rt_sigaction,simplestHTTPSer,6294,1000
[  652.135584] ISOLATES:rt_sigaction,simplestHTTPSer,6294,1000
[  652.135587] ISOLATES:rt_sigaction,simplestHTTPSer,6294,1000
[  652.135590] ISOLATES:rt_sigaction,simplestHTTPSer,6294,1000
[  652.135593] ISOLATES:rt_sigaction,simplestHTTPSer,6294,1000
[  652.135596] ISOLATES:rt_sigaction,simplestHTTPSer,6294,1000
[  652.135599] ISOLATES:rt_sigaction,simplestHTTPSer,6294,1000
[  652.135602] ISOLATES:rt_sigaction,simplestHTTPSer,6294,1000
[  652.135605] ISOLATES:rt_sigaction,simplestHTTPSer,6294,1000
[  652.135608] ISOLATES:rt_sigaction,simplestHTTPSer,6294,1000
[  652.135611] ISOLATES:rt_sigaction,simplestHTTPSer,6294,1000
[  652.135613] ISOLATES:rt_sigaction,simplestHTTPSer,6294,1000
[  652.135616] ISOLATES:rt_sigaction,simplestHTTPSer,6294,1000
[  652.135619] ISOLATES:rt_sigaction,simplestHTTPSer,6294,1000
[  652.135622] ISOLATES:rt_sigaction,simplestHTTPSer,6294,1000
[  652.135625] ISOLATES:rt_sigaction,simplestHTTPSer,6294,1000
[  652.135628] ISOLATES:rt_sigaction,simplestHTTPSer,6294,1000
[  652.135631] ISOLATES:rt_sigaction,simplestHTTPSer,6294,1000
[  652.135634] ISOLATES:rt_sigaction,simplestHTTPSer,6294,1000
[  652.135637] ISOLATES:rt_sigaction,simplestHTTPSer,6294,1000
[  652.135640] ISOLATES:rt_sigaction,simplestHTTPSer,6294,1000
[  652.135643] ISOLATES:rt_sigaction,simplestHTTPSer,6294,1000
[  652.135645] ISOLATES:rt_sigaction,simplestHTTPSer,6294,1000
[  652.135651] ISOLATES:rt_sigaction,simplestHTTPSer,6294,1000
[  652.135695] ISOLATES:rt_sigaction,simplestHTTPSer,6294,1000
[  652.135698] ISOLATES:rt_sigaction,simplestHTTPSer,6294,1000
[  652.135701] ISOLATES:rt_sigaction,simplestHTTPSer,6294,1000
[  652.135704] ISOLATES:rt_sigaction,simplestHTTPSer,6294,1000
[  652.135707] ISOLATES:rt_sigaction,simplestHTTPSer,6294,1000
[  652.135710] ISOLATES:rt_sigaction,simplestHTTPSer,6294,1000
[  652.135713] ISOLATES:rt_sigaction,simplestHTTPSer,6294,1000
[  652.135716] ISOLATES:rt_sigaction,simplestHTTPSer,6294,1000
[  652.135719] ISOLATES:rt_sigaction,simplestHTTPSer,6294,1000
[  652.135722] ISOLATES:rt_sigaction,simplestHTTPSer,6294,1000
[  652.135725] ISOLATES:rt_sigaction,simplestHTTPSer,6294,1000
[  652.135757] ISOLATES:rt_sigprocmask,simplestHTTPSer,6294,1000
[  652.135765] ISOLATES:clone,simplestHTTPSer,6294,1000
[  652.135819] ISOLATES:rt_sigprocmask,simplestHTTPSer,6294,1000
[  652.135830] ISOLATES:gettid,simplestHTTPSer,6295,1000
[  652.135873] ISOLATES:rt_sigprocmask,simplestHTTPSer,6294,1000
[  652.135878] ISOLATES:clone,simplestHTTPSer,6294,1000
[  652.135881] ISOLATES:sigaltstack,simplestHTTPSer,6295,1000
[  652.135886] ISOLATES:sigaltstack,simplestHTTPSer,6295,1000
[  652.135891] ISOLATES:rt_sigprocmask,simplestHTTPSer,6295,1000
[  652.135895] ISOLATES:gettid,simplestHTTPSer,6295,1000
[  652.135904] ISOLATES:rt_sigprocmask,simplestHTTPSer,6294,1000
[  652.135951] ISOLATES:rt_sigprocmask,simplestHTTPSer,6294,1000
[  652.135972] ISOLATES:clone,simplestHTTPSer,6294,1000
[  652.135998] ISOLATES:rt_sigprocmask,simplestHTTPSer,6294,1000
[  652.136057] ISOLATES:futex,simplestHTTPSer,6294,1000
[  652.136069] ISOLATES:gettid,simplestHTTPSer,6297,1000
[  652.136083] ISOLATES:sigaltstack,simplestHTTPSer,6297,1000
[  652.136092] ISOLATES:sigaltstack,simplestHTTPSer,6297,1000
[  652.136106] ISOLATES:rt_sigprocmask,simplestHTTPSer,6297,1000
[  652.136117] ISOLATES:gettid,simplestHTTPSer,6297,1000
[  652.136135] ISOLATES:futex,simplestHTTPSer,6297,1000
[  652.136156] ISOLATES:rt_sigprocmask,simplestHTTPSer,6294,1000
[  652.136159] ISOLATES:clone,simplestHTTPSer,6294,1000
[  652.136211] ISOLATES:rt_sigprocmask,simplestHTTPSer,6294,1000
[  652.136214] ISOLATES:futex,simplestHTTPSer,6294,1000
[  652.136222] ISOLATES:futex,simplestHTTPSer,6297,1000
[  652.136228] ISOLATES:gettid,simplestHTTPSer,6296,1000
[  652.136237] ISOLATES:sigaltstack,simplestHTTPSer,6296,1000
[  652.136241] ISOLATES:sigaltstack,simplestHTTPSer,6296,1000
[  652.136244] ISOLATES:rt_sigprocmask,simplestHTTPSer,6296,1000
[  652.136247] ISOLATES:gettid,simplestHTTPSer,6296,1000
[  652.136257] ISOLATES:futex,simplestHTTPSer,6296,1000
[  652.136487] ISOLATES:futex,simplestHTTPSer,6296,1000
[  652.137393] ISOLATES:gettid,simplestHTTPSer,6298,1000
[  652.137418] ISOLATES:sigaltstack,simplestHTTPSer,6298,1000
[  652.137423] ISOLATES:sigaltstack,simplestHTTPSer,6298,1000
[  652.137429] ISOLATES:rt_sigprocmask,simplestHTTPSer,6298,1000
[  652.137434] ISOLATES:gettid,simplestHTTPSer,6298,1000
[  652.137505] ISOLATES:futex,simplestHTTPSer,6298,1000
[  652.140684] ISOLATES:readlinkat,simplestHTTPSer,6294,1000
[  652.140728] ISOLATES:fcntl,simplestHTTPSer,6294,1000
[  652.140770] ISOLATES:futex,simplestHTTPSer,6294,1000
[  652.140799] ISOLATES:fcntl,simplestHTTPSer,6294,1000
[  652.140804] ISOLATES:fcntl,simplestHTTPSer,6294,1000
[  652.142209] ISOLATES:futex,simplestHTTPSer,6298,1000
[  652.148705] ISOLATES:socket,simplestHTTPSer,6294,1000
[  652.148780] ISOLATES:close,simplestHTTPSer,6294,1000
[  652.148842] ISOLATES:socket,simplestHTTPSer,6294,1000
[  652.148868] ISOLATES:setsockopt,simplestHTTPSer,6294,1000
[  652.148908] ISOLATES:bind,simplestHTTPSer,6294,1000
[  652.148926] ISOLATES:socket,simplestHTTPSer,6294,1000
[  652.148942] ISOLATES:setsockopt,simplestHTTPSer,6294,1000
[  652.148946] ISOLATES:bind,simplestHTTPSer,6294,1000
[  652.148962] ISOLATES:close,simplestHTTPSer,6294,1000
[  652.148983] ISOLATES:close,simplestHTTPSer,6294,1000
[  652.148995] ISOLATES:socket,simplestHTTPSer,6294,1000
[  652.149006] ISOLATES:setsockopt,simplestHTTPSer,6294,1000
[  652.149020] ISOLATES:setsockopt,simplestHTTPSer,6294,1000
[  652.149050] ISOLATES:openat,simplestHTTPSer,6294,1000
[  652.149112] ISOLATES:epoll_create1,simplestHTTPSer,6294,1000
[  652.149177] ISOLATES:epoll_ctl,simplestHTTPSer,6294,1000
[  652.149184] ISOLATES:fcntl,simplestHTTPSer,6294,1000
[  652.149187] ISOLATES:fcntl,simplestHTTPSer,6294,1000
[  652.149201] ISOLATES:read,simplestHTTPSer,6294,1000
[  652.149208] ISOLATES:read,simplestHTTPSer,6294,1000
[  652.149212] ISOLATES:epoll_ctl,simplestHTTPSer,6294,1000
[  652.149215] ISOLATES:close,simplestHTTPSer,6294,1000
[  652.149220] ISOLATES:setsockopt,simplestHTTPSer,6294,1000
[  652.149224] ISOLATES:bind,simplestHTTPSer,6294,1000
[  652.149227] ISOLATES:listen,simplestHTTPSer,6294,1000
[  652.149229] ISOLATES:epoll_ctl,simplestHTTPSer,6294,1000
[  652.149233] ISOLATES:getsockname,simplestHTTPSer,6294,1000
[  652.149246] ISOLATES:accept4,simplestHTTPSer,6294,1000
[  652.149255] ISOLATES:epoll_pwait,simplestHTTPSer,6294,1000
[  652.149296] ISOLATES:epoll_pwait,simplestHTTPSer,6294,1000
[  652.149298] ISOLATES:epoll_pwait,simplestHTTPSer,6295,1000
[  652.149410] ISOLATES:futex,simplestHTTPSer,6295,1000
[  662.659763] ISOLATES:futex,simplestHTTPSer,6294,1000
[  662.659774] ISOLATES:accept4,simplestHTTPSer,6294,1000
[  662.659789] ISOLATES:epoll_ctl,simplestHTTPSer,6294,1000
[  662.659797] ISOLATES:getsockname,simplestHTTPSer,6294,1000
[  662.659804] ISOLATES:setsockopt,simplestHTTPSer,6294,1000
[  662.659807] ISOLATES:setsockopt,simplestHTTPSer,6294,1000
[  662.659810] ISOLATES:setsockopt,simplestHTTPSer,6294,1000
[  662.659812] ISOLATES:setsockopt,simplestHTTPSer,6294,1000
[  662.660730] ISOLATES:futex,simplestHTTPSer,6294,1000
[  662.660745] ISOLATES:epoll_pwait,simplestHTTPSer,6298,1000
[  662.660746] ISOLATES:accept4,simplestHTTPSer,6294,1000
[  662.660765] ISOLATES:epoll_pwait,simplestHTTPSer,6294,1000
[  662.660768] ISOLATES:epoll_pwait,simplestHTTPSer,6294,1000
[  662.662852] ISOLATES:read,simplestHTTPSer,6298,1000
[  662.662875] ISOLATES:futex,simplestHTTPSer,6298,1000
[  662.662880] ISOLATES:futex,simplestHTTPSer,6295,1000
[  663.328781] ISOLATES:futex,simplestHTTPSer,6294,1000
[  663.328792] ISOLATES:read,simplestHTTPSer,6294,1000
[  663.329576] ISOLATES:futex,simplestHTTPSer,6294,1000
[  663.329594] ISOLATES:epoll_pwait,simplestHTTPSer,6298,1000
[  663.329632] ISOLATES:read,simplestHTTPSer,6298,1000
[  663.329633] ISOLATES:write,simplestHTTPSer,6294,1000
[  663.329669] ISOLATES:epoll_pwait,simplestHTTPSer,6294,1000
[  663.329672] ISOLATES:epoll_pwait,simplestHTTPSer,6294,1000
[  663.329679] ISOLATES:futex,simplestHTTPSer,6298,1000
[  663.329693] ISOLATES:futex,simplestHTTPSer,6296,1000
[  663.329703] ISOLATES:read,simplestHTTPSer,6298,1000
[  663.329707] ISOLATES:futex,simplestHTTPSer,6298,1000
[  663.329711] ISOLATES:futex,simplestHTTPSer,6295,1000
[  666.348653] ISOLATES:futex,simplestHTTPSer,6294,1000
[  666.348662] ISOLATES:read,simplestHTTPSer,6294,1000
[  666.348738] ISOLATES:futex,simplestHTTPSer,6294,1000
[  666.348782] ISOLATES:epoll_pwait,simplestHTTPSer,6298,1000
[  666.348789] ISOLATES:write,simplestHTTPSer,6294,1000
[  666.348807] ISOLATES:read,simplestHTTPSer,6298,1000
[  666.348815] ISOLATES:epoll_pwait,simplestHTTPSer,6294,1000
[  666.348818] ISOLATES:epoll_pwait,simplestHTTPSer,6294,1000
[  666.348826] ISOLATES:futex,simplestHTTPSer,6298,1000
[  666.348838] ISOLATES:read,simplestHTTPSer,6298,1000
[  666.348842] ISOLATES:futex,simplestHTTPSer,6298,1000
[  666.348847] ISOLATES:futex,simplestHTTPSer,6296,1000
[  666.348883] ISOLATES:futex,simplestHTTPSer,6295,1000
[  673.550766] ISOLATES:rt_sigprocmask,simplestHTTPSer,6294,1000
[  673.550774] ISOLATES:getpid,simplestHTTPSer,6294,1000
[  673.550779] ISOLATES:gettid,simplestHTTPSer,6294,1000
[  673.550782] ISOLATES:tgkill,simplestHTTPSer,6294,1000
[  673.550798] ISOLATES:rt_sigaction,simplestHTTPSer,6294,1000
[  673.550802] ISOLATES:rt_sigprocmask,simplestHTTPSer,6294,1000
[  673.550805] ISOLATES:getpid,simplestHTTPSer,6294,1000
[  673.550808] ISOLATES:gettid,simplestHTTPSer,6294,1000
[  673.550811] ISOLATES:tgkill,simplestHTTPSer,6294,1000
[  682.556394] ISOLATES:Custom ReAllOps module removing
[  682.556404] ISOLATES:Custom ReAllOps module removed successfully
[  682.805538] BUG: unable to handle kernel paging request at ffffffffc047c154
[  682.805554] IP: 0xffffffffc047c154
[  682.805558] PGD 4c40e067 P4D 4c40e067 PUD 4c410067 PMD 104c46067 PTE 0
[  682.805567] Oops: 0010 [#3] SMP PTI
[  682.805572] Modules linked in: nls_utf8 isofs usblp prl_fs_freeze(POE) prl_fs(POE) prl_eth(POE) snd_intel8x0 snd_ac97_codec ac97_bus snd_pcm x86_pkg_temp_thermal coretemp crct10dif_pclmul crc32_pclmul ghash_clmulni_intel snd_seq_midi pcbc gpio_ich snd_seq_midi_event snd_rawmidi aesni_intel aes_x86_64 snd_seq crypto_simd glue_helper cryptd snd_seq_device snd_timer intel_rapl_perf uvcvideo videobuf2_vmalloc input_leds videobuf2_memops serio_raw videobuf2_v4l2 videobuf2_core videodev media snd soundcore lpc_ich shpchp sbs sbshc prl_tg(POE) pvpanic mac_hid binfmt_misc parport_pc ppdev lp parport autofs4 ahci pata_acpi psmouse libahci virtio_net [last unloaded: reallops]
[  682.805613] CPU: 1 PID: 6339 Comm: JS Watchdog Tainted: P      D    OE    4.15.0-88-generic #88~16.04.1-Ubuntu
[  682.805621] Hardware name: Parallels Software International Inc. Parallels Virtual Platform/Parallels Virtual Platform, BIOS 14.1.3 (45485) 03/12/2019
[  682.805625] RIP: 0010:0xffffffffc047c154
[  682.805628] RSP: 0018:ffffb89084b7bef8 EFLAGS: 00010246
[  682.805630] RAX: ffffffffffffff92 RBX: 00007fd1aa7279cc RCX: 0000000000000000
[  682.805632] RDX: 00000000ffffffff RSI: ffffb89084b7bd78 RDI: 0000000000000000
[  682.805634] RBP: ffffb89084b7bf28 R08: 000062ac80000000 R09: 0000000000000000
[  682.805636] R10: 000000000000000c R11: 00000000000003f5 R12: 0000000000000189
[  682.805638] R13: 0000000000000031 R14: 00007fd1c8015df8 R15: 0000000000000000
[  682.805641] FS:  00007fd1c8016700(0000) GS:ffff9d540be40000(0000) knlGS:0000000000000000
[  682.805643] CS:  0010 DS: 0000 ES: 0000 CR0: 0000000080050033
[  682.805645] CR2: ffffffffc047c154 CR3: 0000000074072003 CR4: 00000000003606e0
[  682.805653] Call Trace:
[  682.805663]  do_syscall_64+0x73/0x130
[  682.805669]  entry_SYSCALL_64_after_hwframe+0x3d/0xa2
[  682.805672] RIP: 0033:0x7fd1c7dce709
[  682.805674] RSP: 002b:00007fd1c8015da0 EFLAGS: 00000206 ORIG_RAX: 00000000000000ca
[  682.805677] RAX: ffffffffffffffda RBX: 000000005e6bab18 RCX: 00007fd1c7dce709
[  682.805679] RDX: 0000000000000031 RSI: 0000000000000189 RDI: 00007fd1aa7279cc
[  682.805680] RBP: 0000000000000000 R08: 00007fd1b27d3be0 R09: 00000000ffffffff
[  682.805682] R10: 00007fd1c8015df8 R11: 0000000000000206 R12: 0000000000000031
[  682.805684] R13: 00007fd1c8015df8 R14: ffffffffffffff92 R15: 00007fd1aa727900
[  682.805687] Code:  Bad RIP value.
[  682.805701] RIP: 0xffffffffc047c154 RSP: ffffb89084b7bef8
[  682.805703] CR2: ffffffffc047c154
[  682.805708] ---[ end trace 06ae74afd473bd2f ]---
[  682.960637] BUG: unable to handle kernel paging request at ffffffffc047c154
[  682.960649] IP: 0xffffffffc047c154
[  682.960652] PGD 4c40e067 P4D 4c40e067 PUD 4c410067 PMD 104c46067 PTE 0
[  682.960659] Oops: 0010 [#4] SMP PTI
[  682.960663] Modules linked in: nls_utf8 isofs usblp prl_fs_freeze(POE) prl_fs(POE) prl_eth(POE) snd_intel8x0 snd_ac97_codec ac97_bus snd_pcm x86_pkg_temp_thermal coretemp crct10dif_pclmul crc32_pclmul ghash_clmulni_intel snd_seq_midi pcbc gpio_ich snd_seq_midi_event snd_rawmidi aesni_intel aes_x86_64 snd_seq crypto_simd glue_helper cryptd snd_seq_device snd_timer intel_rapl_perf uvcvideo videobuf2_vmalloc input_leds videobuf2_memops serio_raw videobuf2_v4l2 videobuf2_core videodev media snd soundcore lpc_ich shpchp sbs sbshc prl_tg(POE) pvpanic mac_hid binfmt_misc parport_pc ppdev lp parport autofs4 ahci pata_acpi psmouse libahci virtio_net [last unloaded: reallops]
[  682.960704] CPU: 0 PID: 6419 Comm: StreamTrans #10 Tainted: P      D    OE    4.15.0-88-generic #88~16.04.1-Ubuntu
[  682.960707] Hardware name: Parallels Software International Inc. Parallels Virtual Platform/Parallels Virtual Platform, BIOS 14.1.3 (45485) 03/12/2019
[  682.960710] RIP: 0010:0xffffffffc047c154
[  682.960712] RSP: 0018:ffffb89082affef8 EFLAGS: 00010246
[  682.960715] RAX: ffffffffffffff92 RBX: 00007fd1c70857dc RCX: 0000000000000000
[  682.960717] RDX: 00000000ffffffff RSI: ffffb89082affd78 RDI: 0000000000000000
[  682.960719] RBP: ffffb89082afff28 R08: 000062ac80000000 R09: 0000000000000000
[  682.960721] R10: 00000000000003fa R11: 00000000000003f3 R12: 0000000000000089
[  682.960723] R13: 000000000000082f R14: 00007fd1a19fcb88 R15: 0000000000000000
[  682.960726] FS:  00007fd1a19fd700(0000) GS:ffff9d540be00000(0000) knlGS:0000000000000000
[  682.960728] CS:  0010 DS: 0000 ES: 0000 CR0: 0000000080050033
[  682.960730] CR2: ffffffffc047c154 CR3: 0000000074072001 CR4: 00000000003606f0
[  682.960738] Call Trace:
[  682.960748]  do_syscall_64+0x73/0x130
[  682.960755]  entry_SYSCALL_64_after_hwframe+0x3d/0xa2
[  682.960757] RIP: 0033:0x7fd1c7dce709
[  682.960759] RSP: 002b:00007fd1a19fcb30 EFLAGS: 00000202 ORIG_RAX: 00000000000000ca
[  682.960762] RAX: ffffffffffffffda RBX: 000000001dcd6500 RCX: 00007fd1c7dce709
[  682.960764] RDX: 000000000000082f RSI: 0000000000000089 RDI: 00007fd1c70857dc
[  682.960770] RBP: 00007fd1b27fb050 R08: 00007fd1c70857a8 R09: 00000000ffffffff
[  682.960772] R10: 00007fd1a19fcb88 R11: 0000000000000202 R12: 000000000000082f
[  682.960774] R13: 00007fd1a19fcb88 R14: ffffffffffffff92 R15: 00007fd1c7085700
[  682.960777] Code:  Bad RIP value.
[  682.960787] RIP: 0xffffffffc047c154 RSP: ffffb89082affef8
[  682.960789] CR2: ffffffffc047c154
[  682.960792] ---[ end trace 06ae74afd473bd30 ]---
[  682.960793] BUG: unable to handle kernel paging request at ffffffffc047c154
[  682.960800] IP: 0xffffffffc047c154
[  682.960803] PGD 4c40e067 P4D 4c40e067 PUD 4c410067 PMD 104c46067 PTE 0
[  682.960811] Oops: 0010 [#5] SMP PTI
[  682.960814] Modules linked in: nls_utf8 isofs usblp prl_fs_freeze(POE) prl_fs(POE) prl_eth(POE) snd_intel8x0 snd_ac97_codec ac97_bus snd_pcm x86_pkg_temp_thermal coretemp crct10dif_pclmul crc32_pclmul ghash_clmulni_intel snd_seq_midi pcbc gpio_ich snd_seq_midi_event snd_rawmidi aesni_intel aes_x86_64 snd_seq crypto_simd glue_helper cryptd snd_seq_device snd_timer intel_rapl_perf uvcvideo videobuf2_vmalloc input_leds videobuf2_memops serio_raw videobuf2_v4l2 videobuf2_core videodev media snd soundcore lpc_ich shpchp sbs sbshc prl_tg(POE) pvpanic mac_hid binfmt_misc parport_pc ppdev lp parport autofs4 ahci pata_acpi psmouse libahci virtio_net [last unloaded: reallops]
[  682.960848] CPU: 1 PID: 6365 Comm: StreamTrans #5 Tainted: P      D    OE    4.15.0-88-generic #88~16.04.1-Ubuntu
[  682.960850] Hardware name: Parallels Software International Inc. Parallels Virtual Platform/Parallels Virtual Platform, BIOS 14.1.3 (45485) 03/12/2019
[  682.960854] RIP: 0010:0xffffffffc047c154
[  682.960856] RSP: 0018:ffffb8908522bef8 EFLAGS: 00010246
[  682.960859] RAX: ffffffffffffff92 RBX: 00007fd1c70857dc RCX: 0000000000000000
[  682.960862] RDX: 00000000ffffffff RSI: ffffb8908522bd78 RDI: 0000000000000000
[  682.960864] RBP: ffffb8908522bf28 R08: 0000000000000001 R09: 0000000000000000
[  682.960866] R10: 000000000000002e R11: 00000000000003d2 R12: 0000000000000089
[  682.960868] R13: 0000000000000831 R14: 00007fd1a54feb88 R15: 0000000000000000
[  682.960872] FS:  00007fd1a54ff700(0000) GS:ffff9d540be40000(0000) knlGS:0000000000000000
[  682.960874] CS:  0010 DS: 0000 ES: 0000 CR0: 0000000080050033
[  682.960876] CR2: ffffffffc047c154 CR3: 0000000074072003 CR4: 00000000003606e0
[  682.960886] Call Trace:
[  682.960894]  do_syscall_64+0x73/0x130
[  682.960900]  entry_SYSCALL_64_after_hwframe+0x3d/0xa2
[  682.960902] RIP: 0033:0x7fd1c7dce709
[  682.960904] RSP: 002b:00007fd1a54feb30 EFLAGS: 00000202 ORIG_RAX: 00000000000000ca
[  682.960907] RAX: ffffffffffffffda RBX: 000000001dcd6500 RCX: 00007fd1c7dce709
[  682.960909] RDX: 0000000000000831 RSI: 0000000000000089 RDI: 00007fd1c70857dc
[  682.960911] RBP: 00007fd1b27fb050 R08: 00007fd1c70857a8 R09: 00000000ffffffff
[  682.960913] R10: 00007fd1a54feb88 R11: 0000000000000202 R12: 0000000000000831
[  682.960915] R13: 00007fd1a54feb88 R14: ffffffffffffff92 R15: 00007fd1c7085700
[  682.960918] Code:  Bad RIP value.
[  682.960928] RIP: 0xffffffffc047c154 RSP: ffffb8908522bef8
[  682.960930] CR2: ffffffffc047c154
[  682.960933] ---[ end trace 06ae74afd473bd31 ]---
[  682.960933] BUG: unable to handle kernel paging request at ffffffffc047c154
[  682.960938] IP: 0xffffffffc047c154
[  682.960941] PGD 4c40e067 P4D 4c40e067 PUD 4c410067 PMD 104c46067 PTE 0
[  682.960946] Oops: 0010 [#6] SMP PTI
[  682.960948] Modules linked in: nls_utf8 isofs usblp prl_fs_freeze(POE) prl_fs(POE) prl_eth(POE) snd_intel8x0 snd_ac97_codec ac97_bus snd_pcm x86_pkg_temp_thermal coretemp crct10dif_pclmul crc32_pclmul ghash_clmulni_intel snd_seq_midi pcbc gpio_ich snd_seq_midi_event snd_rawmidi aesni_intel aes_x86_64 snd_seq crypto_simd glue_helper cryptd snd_seq_device snd_timer intel_rapl_perf uvcvideo videobuf2_vmalloc input_leds videobuf2_memops serio_raw videobuf2_v4l2 videobuf2_core videodev media snd soundcore lpc_ich shpchp sbs sbshc prl_tg(POE) pvpanic mac_hid binfmt_misc parport_pc ppdev lp parport autofs4 ahci pata_acpi psmouse libahci virtio_net [last unloaded: reallops]
[  682.960980] CPU: 0 PID: 6529 Comm: StreamTrans #18 Tainted: P      D    OE    4.15.0-88-generic #88~16.04.1-Ubuntu
[  682.960982] Hardware name: Parallels Software International Inc. Parallels Virtual Platform/Parallels Virtual Platform, BIOS 14.1.3 (45485) 03/12/2019
[  682.960986] RIP: 0010:0xffffffffc047c154
[  682.960988] RSP: 0018:ffffb890829dfef8 EFLAGS: 00010246
[  682.960990] RAX: ffffffffffffff92 RBX: 00007fd1c70857dc RCX: 0000000000000000
[  682.960992] RDX: 00000000ffffffff RSI: ffffb890829dfd78 RDI: 0000000000000000
[  682.960994] RBP: ffffb890829dff28 R08: 0000000000000000 R09: 00000000000000c4
[  682.960996] R10: 00000000000000f7 R11: 00000000000000c4 R12: 0000000000000089
[  682.960998] R13: 0000000000000833 R14: 00007fd19767cb88 R15: 0000000000000000
[  682.961001] FS:  00007fd19767d700(0000) GS:ffff9d540be00000(0000) knlGS:0000000000000000
